Dec  5 14:20:36 syslogd started: BusyBox v1.22.1
Dec  5 14:20:36 kernel: klogd started: BusyBox v1.22.1 (Ubuntu 1:1.22.0-15ubuntu1)
Dec  5 14:20:36 kernel: [    0.000000] Initializing cgroup subsys cpuset
Dec  5 14:20:36 kernel: [    0.000000] Initializing cgroup subsys cpu
Dec  5 14:20:36 kernel: [    0.000000] Initializing cgroup subsys cpuacct
Dec  5 14:20:36 kernel: [    0.000000] Linux version 4.4.0-31-generic (buildd@lgw01-16) (gcc version 5.3.1 20160413 (Ubuntu 5.3.1-14ubuntu2.1) ) #50-Ubuntu SMP Wed Jul 13 00:07:12 UTC 2016 (Ubuntu 4.4.0-31.50-generic 4.4.13)
Dec  5 14:20:36 kernel: [    0.000000] Command line: BOOT_IMAGE=ubuntu-installer/amd64/linux initrd=ubuntu-installer/amd64/initrd.gz auto=true auto url=tftp://172.28.172.67/ubuntu-installer/amd64/preseed.cfg locale=en_US.UTF-8 classes=minion DEBCONF_DEBUG=5 priority=critical preseed/url/=ubuntu-installer/amd64/preseed.cfg netcfg/choose_interface=auto
Dec  5 14:20:36 kernel: [    0.000000] KERNEL supported cpus:
Dec  5 14:20:36 kernel: [    0.000000]   Intel GenuineIntel
Dec  5 14:20:36 kernel: [    0.000000]   AMD AuthenticAMD
Dec  5 14:20:36 kernel: [    0.000000]   Centaur CentaurHauls
Dec  5 14:20:36 kernel: [    0.000000] x86/fpu: xstate_offset[2]:  576, xstate_sizes[2]:  256
Dec  5 14:20:36 kernel: [    0.000000] x86/fpu: Supporting XSAVE feature 0x01: 'x87 floating point registers'
Dec  5 14:20:36 kernel: [    0.000000] x86/fpu: Supporting XSAVE feature 0x02: 'SSE registers'
Dec  5 14:20:36 kernel: [    0.000000] x86/fpu: Supporting XSAVE feature 0x04: 'AVX registers'
Dec  5 14:20:36 kernel: [    0.000000] x86/fpu: Enabled xstate features 0x7, context size is 832 bytes, using 'standard' format.
Dec  5 14:20:36 kernel: [    0.000000] x86/fpu: Using 'eager' FPU context switches.
Dec  5 14:20:36 kernel: [    0.000000] e820: BIOS-provided physical RAM map:
Dec  5 14:20:36 kernel: [    0.000000] BIOS-e820: [mem 0x0000000000000000-0x000000000009bbff] usable
Dec  5 14:20:36 kernel: [    0.000000] BIOS-e820: [mem 0x000000000009bc00-0x000000000009ffff] reserved
Dec  5 14:20:36 kernel: [    0.000000] BIOS-e820: [mem 0x00000000000e0000-0x00000000000fffff] reserved
Dec  5 14:20:36 kernel: [    0.000000] BIOS-e820: [mem 0x0000000000100000-0x000000001fffffff] usable
Dec  5 14:20:36 kernel: [    0.000000] BIOS-e820: [mem 0x0000000020000000-0x00000000201fffff] reserved
Dec  5 14:20:36 kernel: [    0.000000] BIOS-e820: [mem 0x0000000020200000-0x000000003fffffff] usable
Dec  5 14:20:36 kernel: [    0.000000] BIOS-e820: [mem 0x0000000040000000-0x00000000401fffff] reserved
Dec  5 14:20:36 kernel: [    0.000000] BIOS-e820: [mem 0x0000000040200000-0x00000000cabdcfff] usable
Dec  5 14:20:36 kernel: [    0.000000] BIOS-e820: [mem 0x00000000cabdd000-0x00000000cac25fff] ACPI NVS
Dec  5 14:20:36 kernel: [    0.000000] BIOS-e820: [mem 0x00000000cac26000-0x00000000cac33fff] ACPI data
Dec  5 14:20:36 kernel: [    0.000000] BIOS-e820: [mem 0x00000000cac34000-0x00000000cac34fff] ACPI NVS
Dec  5 14:20:36 kernel: [    0.000000] BIOS-e820: [mem 0x00000000cac35000-0x00000000cac54fff] reserved
Dec  5 14:20:36 kernel: [    0.000000] BIOS-e820: [mem 0x00000000cac55000-0x00000000cac76fff] ACPI NVS
Dec  5 14:20:36 kernel: [    0.000000] BIOS-e820: [mem 0x00000000cac77000-0x00000000cacfdfff] reserved
Dec  5 14:20:36 kernel: [    0.000000] BIOS-e820: [mem 0x00000000cacfe000-0x00000000cacfefff] ACPI NVS
Dec  5 14:20:36 kernel: [    0.000000] BIOS-e820: [mem 0x00000000cacff000-0x00000000cad10fff] reserved
Dec  5 14:20:36 kernel: [    0.000000] BIOS-e820: [mem 0x00000000cad11000-0x00000000cad1efff] ACPI NVS
Dec  5 14:20:36 kernel: [    0.000000] BIOS-e820: [mem 0x00000000cad1f000-0x00000000cad2ffff] reserved
Dec  5 14:20:36 kernel: [    0.000000] BIOS-e820: [mem 0x00000000cad30000-0x00000000cad72fff] ACPI NVS
Dec  5 14:20:36 kernel: [    0.000000] BIOS-e820: [mem 0x00000000cad73000-0x00000000caffffff] usable
Dec  5 14:20:36 kernel: [    0.000000] BIOS-e820: [mem 0x00000000cb800000-0x00000000cf9fffff] reserved
Dec  5 14:20:36 kernel: [    0.000000] BIOS-e820: [mem 0x00000000fed1c000-0x00000000fed3ffff] reserved
Dec  5 14:20:36 kernel: [    0.000000] BIOS-e820: [mem 0x00000000ff000000-0x00000000ffffffff] reserved
Dec  5 14:20:36 kernel: [    0.000000] BIOS-e820: [mem 0x0000000100000000-0x000000022e5fffff] usable
Dec  5 14:20:36 kernel: [    0.000000] NX (Execute Disable) protection: active
Dec  5 14:20:36 kernel: [    0.000000] SMBIOS 2.7 present.
Dec  5 14:20:36 kernel: [    0.000000] DMI: Hewlett-Packard HP Compaq 8200 Elite CMT PC/1494, BIOS J01 v02.01 04/06/2011
Dec  5 14:20:36 kernel: [    0.000000] e820: update [mem 0x00000000-0x00000fff] usable ==> reserved
Dec  5 14:20:36 kernel: [    0.000000] e820: remove [mem 0x000a0000-0x000fffff] usable
Dec  5 14:20:36 kernel: [    0.000000] e820: last_pfn = 0x22e600 max_arch_pfn = 0x400000000
Dec  5 14:20:36 kernel: [    0.000000] MTRR default type: write-back
Dec  5 14:20:36 kernel: [    0.000000] MTRR fixed ranges enabled:
Dec  5 14:20:36 kernel: [    0.000000]   00000-9FFFF write-back
Dec  5 14:20:36 kernel: [    0.000000]   A0000-BFFFF uncachable
Dec  5 14:20:36 kernel: [    0.000000]   C0000-FFFFF write-protect
Dec  5 14:20:36 kernel: [    0.000000] MTRR variable ranges enabled:
Dec  5 14:20:36 kernel: [    0.000000]   0 base 0CB800000 mask FFF800000 uncachable
Dec  5 14:20:36 kernel: [    0.000000]   1 base 0CC000000 mask FFC000000 uncachable
Dec  5 14:20:36 kernel: [    0.000000]   2 base 0D0000000 mask FF0000000 uncachable
Dec  5 14:20:36 kernel: [    0.000000]   3 base 0E0000000 mask FE0000000 uncachable
Dec  5 14:20:36 kernel: [    0.000000]   4 base 22E600000 mask FFFE00000 uncachable
Dec  5 14:20:36 kernel: [    0.000000]   5 disabled
Dec  5 14:20:36 kernel: [    0.000000]   6 disabled
Dec  5 14:20:36 kernel: [    0.000000]   7 disabled
Dec  5 14:20:36 kernel: [    0.000000]   8 disabled
Dec  5 14:20:36 kernel: [    0.000000]   9 disabled
Dec  5 14:20:36 kernel: [    0.000000] x86/PAT: Configuration [0-7]: WB  WC  UC- UC  WB  WC  UC- WT  
Dec  5 14:20:36 kernel: [    0.000000] e820: last_pfn = 0xcb000 max_arch_pfn = 0x400000000
Dec  5 14:20:36 kernel: [    0.000000] found SMP MP-table at [mem 0x000f4b50-0x000f4b5f] mapped at [ffff8800000f4b50]
Dec  5 14:20:36 kernel: [    0.000000] Scanning 1 areas for low memory corruption
Dec  5 14:20:36 kernel: [    0.000000] Base memory trampoline at [ffff880000095000] 95000 size 24576
Dec  5 14:20:36 kernel: [    0.000000] reserving inaccessible SNB gfx pages
Dec  5 14:20:36 kernel: [    0.000000] BRK [0x02200000, 0x02200fff] PGTABLE
Dec  5 14:20:36 kernel: [    0.000000] BRK [0x02201000, 0x02201fff] PGTABLE
Dec  5 14:20:36 kernel: [    0.000000] BRK [0x02202000, 0x02202fff] PGTABLE
Dec  5 14:20:36 kernel: [    0.000000] BRK [0x02203000, 0x02203fff] PGTABLE
Dec  5 14:20:36 kernel: [    0.000000] BRK [0x02204000, 0x02204fff] PGTABLE
Dec  5 14:20:36 kernel: [    0.000000] BRK [0x02205000, 0x02205fff] PGTABLE
Dec  5 14:20:36 kernel: [    0.000000] RAMDISK: [mem 0x7dc1a000-0x7fffffff]
Dec  5 14:20:36 kernel: [    0.000000] ACPI: Early table checksum verification disabled
Dec  5 14:20:36 kernel: [    0.000000] ACPI: RSDP 0x00000000000FE700 000024 (v02 HPQOEM)
Dec  5 14:20:36 kernel: [    0.000000] ACPI: XSDT 0x00000000CAC26078 000074 (v01 HPQOEM SLIC-BPC 01072009 AMI  00010013)
Dec  5 14:20:36 kernel: [    0.000000] ACPI: FACP 0x00000000CAC2D9C8 0000F4 (v04 HPQOEM SLIC-BPC 01072009 AMI  00010013)
Dec  5 14:20:36 kernel: [    0.000000] ACPI: DSDT 0x00000000CAC26180 007841 (v02 HPQOEM SLIC-BPC 00000007 INTL 20051117)
Dec  5 14:20:36 kernel: [    0.000000] ACPI: FACS 0x00000000CAD16F80 000040
Dec  5 14:20:36 kernel: [    0.000000] ACPI: APIC 0x00000000CAC2DAC0 000072 (v03 HPQOEM SLIC-BPC 01072009 AMI  00010013)
Dec  5 14:20:36 kernel: [    0.000000] ACPI: SSDT 0x00000000CAC2DB38 000102 (v01 AMICPU PROC     00000001 MSFT 03000001)
Dec  5 14:20:36 kernel: [    0.000000] ACPI: MCFG 0x00000000CAC2DC40 00003C (v01 HPQOEM SLIC-BPC 01072009 MSFT 00000097)
Dec  5 14:20:36 kernel: [    0.000000] ACPI: HPET 0x00000000CAC2DC80 000038 (v01 HPQOEM SLIC-BPC 01072009 AMI. 00000004)
Dec  5 14:20:36 kernel: [    0.000000] ACPI: ASF! 0x00000000CAC2DCB8 0000A0 (v32 INTEL   HCG     00000001 TFSM 000F4240)
Dec  5 14:20:36 kernel: [    0.000000] ACPI: SSDT 0x00000000CAC2DD58 0050F4 (v01 COMPAQ WMI      00000001 MSFT 03000001)
Dec  5 14:20:36 kernel: [    0.000000] ACPI: SLIC 0x00000000CAC32E50 000176 (v01 HPQOEM SLIC-BPC 00000001      00000000)
Dec  5 14:20:36 kernel: [    0.000000] ACPI: TCPA 0x00000000CAC32FC8 000032 (v02 APTIO4 NAPAASF  00000001 MSFT 01000013)
Dec  5 14:20:36 kernel: [    0.000000] ACPI: DMAR 0x00000000CAC33000 0000E8 (v01 ALASKA A M I    00000001 INTL 00000001)
Dec  5 14:20:36 kernel: [    0.000000] ACPI: Local APIC address 0xfee00000
Dec  5 14:20:36 kernel: [    0.000000] No NUMA configuration found
Dec  5 14:20:36 kernel: [    0.000000] Faking a node at [mem 0x0000000000000000-0x000000022e5fffff]
Dec  5 14:20:36 kernel: [    0.000000] NODE_DATA(0) allocated [mem 0x22e5f4000-0x22e5f8fff]
Dec  5 14:20:36 kernel: [    0.000000] Zone ranges:
Dec  5 14:20:36 kernel: [    0.000000]   DMA      [mem 0x0000000000001000-0x0000000000ffffff]
Dec  5 14:20:36 kernel: [    0.000000]   DMA32    [mem 0x0000000001000000-0x00000000ffffffff]
Dec  5 14:20:36 kernel: [    0.000000]   Normal   [mem 0x0000000100000000-0x000000022e5fffff]
Dec  5 14:20:36 kernel: [    0.000000]   Device   empty
Dec  5 14:20:36 kernel: [    0.000000] Movable zone start for each node
Dec  5 14:20:36 kernel: [    0.000000] Early memory node ranges
Dec  5 14:20:36 kernel: [    0.000000]   node   0: [mem 0x0000000000001000-0x000000000009afff]
Dec  5 14:20:36 kernel: [    0.000000]   node   0: [mem 0x0000000000100000-0x000000001fffffff]
Dec  5 14:20:36 kernel: [    0.000000]   node   0: [mem 0x0000000020200000-0x000000003fffffff]
Dec  5 14:20:36 kernel: [    0.000000]   node   0: [mem 0x0000000040200000-0x00000000cabdcfff]
Dec  5 14:20:36 kernel: [    0.000000]   node   0: [mem 0x00000000cad73000-0x00000000caffffff]
Dec  5 14:20:36 kernel: [    0.000000]   node   0: [mem 0x0000000100000000-0x000000022e5fffff]
Dec  5 14:20:36 kernel: [    0.000000] Initmem setup node 0 [mem 0x0000000000001000-0x000000022e5fffff]
Dec  5 14:20:36 kernel: [    0.000000] On node 0 totalpages: 2068484
Dec  5 14:20:36 kernel: [    0.000000]   DMA zone: 64 pages used for memmap
Dec  5 14:20:36 kernel: [    0.000000]   DMA zone: 154 pages reserved
Dec  5 14:20:36 kernel: [    0.000000]   DMA zone: 3994 pages, LIFO batch:0
Dec  5 14:20:36 kernel: [    0.000000]   DMA32 zone: 12906 pages used for memmap
Dec  5 14:20:36 kernel: [    0.000000]   DMA32 zone: 825962 pages, LIFO batch:31
Dec  5 14:20:36 kernel: [    0.000000]   Normal zone: 19352 pages used for memmap
Dec  5 14:20:36 kernel: [    0.000000]   Normal zone: 1238528 pages, LIFO batch:31
Dec  5 14:20:36 kernel: [    0.000000] Reserving Intel graphics stolen memory at 0xcba00000-0xcf9fffff
Dec  5 14:20:36 kernel: [    0.000000] ACPI: PM-Timer IO Port: 0x408
Dec  5 14:20:36 kernel: [    0.000000] ACPI: Local APIC address 0xfee00000
Dec  5 14:20:36 kernel: [    0.000000] ACPI: LAPIC_NMI (acpi_id[0xff] high edge lint[0x1])
Dec  5 14:20:36 kernel: [    0.000000] IOAPIC[0]: apic_id 0, version 32, address 0xfec00000, GSI 0-23
Dec  5 14:20:36 kernel: [    0.000000] ACPI: INT_SRC_OVR (bus 0 bus_irq 0 global_irq 2 dfl dfl)
Dec  5 14:20:36 kernel: [    0.000000] ACPI: INT_SRC_OVR (bus 0 bus_irq 9 global_irq 9 high level)
Dec  5 14:20:36 kernel: [    0.000000] ACPI: IRQ0 used by override.
Dec  5 14:20:36 kernel: [    0.000000] ACPI: IRQ9 used by override.
Dec  5 14:20:36 kernel: [    0.000000] Using ACPI (MADT) for SMP configuration information
Dec  5 14:20:36 kernel: [    0.000000] ACPI: HPET id: 0x8086a701 base: 0xfed00000
Dec  5 14:20:36 kernel: [    0.000000] smpboot: Allowing 4 CPUs, 0 hotplug CPUs
Dec  5 14:20:36 kernel: [    0.000000] PM: Registered nosave memory: [mem 0x00000000-0x00000fff]
Dec  5 14:20:36 kernel: [    0.000000] PM: Registered nosave memory: [mem 0x0009b000-0x0009bfff]
Dec  5 14:20:36 kernel: [    0.000000] PM: Registered nosave memory: [mem 0x0009c000-0x0009ffff]
Dec  5 14:20:36 kernel: [    0.000000] PM: Registered nosave memory: [mem 0x000a0000-0x000dffff]
Dec  5 14:20:36 kernel: [    0.000000] PM: Registered nosave memory: [mem 0x000e0000-0x000fffff]
Dec  5 14:20:36 kernel: [    0.000000] PM: Registered nosave memory: [mem 0x20000000-0x201fffff]
Dec  5 14:20:36 kernel: [    0.000000] PM: Registered nosave memory: [mem 0x40000000-0x401fffff]
Dec  5 14:20:36 kernel: [    0.000000] PM: Registered nosave memory: [mem 0xcabdd000-0xcac25fff]
Dec  5 14:20:36 kernel: [    0.000000] PM: Registered nosave memory: [mem 0xcac26000-0xcac33fff]
Dec  5 14:20:36 kernel: [    0.000000] PM: Registered nosave memory: [mem 0xcac34000-0xcac34fff]
Dec  5 14:20:36 kernel: [    0.000000] PM: Registered nosave memory: [mem 0xcac35000-0xcac54fff]
Dec  5 14:20:36 kernel: [    0.000000] PM: Registered nosave memory: [mem 0xcac55000-0xcac76fff]
Dec  5 14:20:36 kernel: [    0.000000] PM: Registered nosave memory: [mem 0xcac77000-0xcacfdfff]
Dec  5 14:20:36 kernel: [    0.000000] PM: Registered nosave memory: [mem 0xcacfe000-0xcacfefff]
Dec  5 14:20:36 kernel: [    0.000000] PM: Registered nosave memory: [mem 0xcacff000-0xcad10fff]
Dec  5 14:20:36 kernel: [    0.000000] PM: Registered nosave memory: [mem 0xcad11000-0xcad1efff]
Dec  5 14:20:36 kernel: [    0.000000] PM: Registered nosave memory: [mem 0xcad1f000-0xcad2ffff]
Dec  5 14:20:36 kernel: [    0.000000] PM: Registered nosave memory: [mem 0xcad30000-0xcad72fff]
Dec  5 14:20:36 kernel: [    0.000000] PM: Registered nosave memory: [mem 0xcb000000-0xcb7fffff]
Dec  5 14:20:36 kernel: [    0.000000] PM: Registered nosave memory: [mem 0xcb800000-0xcf9fffff]
Dec  5 14:20:36 kernel: [    0.000000] PM: Registered nosave memory: [mem 0xcfa00000-0xfed1bfff]
Dec  5 14:20:36 kernel: [    0.000000] PM: Registered nosave memory: [mem 0xfed1c000-0xfed3ffff]
Dec  5 14:20:36 kernel: [    0.000000] PM: Registered nosave memory: [mem 0xfed40000-0xfeffffff]
Dec  5 14:20:36 kernel: [    0.000000] PM: Registered nosave memory: [mem 0xff000000-0xffffffff]
Dec  5 14:20:36 kernel: [    0.000000] e820: [mem 0xcfa00000-0xfed1bfff] available for PCI devices
Dec  5 14:20:36 kernel: [    0.000000] Booting paravirtualized kernel on bare hardware
Dec  5 14:20:36 kernel: [    0.000000] clocksource: refined-jiffies: mask: 0xffffffff max_cycles: 0xffffffff, max_idle_ns: 7645519600211568 ns
Dec  5 14:20:36 kernel: [    0.000000] setup_percpu: NR_CPUS:256 nr_cpumask_bits:256 nr_cpu_ids:4 nr_node_ids:1
Dec  5 14:20:36 kernel: [    0.000000] PERCPU: Embedded 33 pages/cpu @ffff88022e200000 s98008 r8192 d28968 u524288
Dec  5 14:20:36 kernel: [    0.000000] pcpu-alloc: s98008 r8192 d28968 u524288 alloc=1*2097152
Dec  5 14:20:36 kernel: [    0.000000] pcpu-alloc: [0] 0 1 2 3 
Dec  5 14:20:36 kernel: [    0.000000] Built 1 zonelists in Node order, mobility grouping on.  Total pages: 2036008
Dec  5 14:20:36 kernel: [    0.000000] Policy zone: Normal
Dec  5 14:20:36 kernel: [    0.000000] Kernel command line: BOOT_IMAGE=ubuntu-installer/amd64/linux initrd=ubuntu-installer/amd64/initrd.gz auto=true auto url=tftp://172.28.172.67/ubuntu-installer/amd64/preseed.cfg locale=en_US.UTF-8 classes=minion DEBCONF_DEBUG=5 priority=critical preseed/url/=ubuntu-installer/amd64/preseed.cfg netcfg/choose_interface=auto
Dec  5 14:20:36 kernel: [    0.000000] PID hash table entries: 4096 (order: 3, 32768 bytes)
Dec  5 14:20:36 kernel: [    0.000000] Calgary: detecting Calgary via BIOS EBDA area
Dec  5 14:20:36 kernel: [    0.000000] Calgary: Unable to locate Rio Grande table in EBDA - bailing!
Dec  5 14:20:36 kernel: [    0.000000] Memory: 8020152K/8273936K available (8393K kernel code, 1282K rwdata, 3940K rodata, 1480K init, 1292K bss, 253784K reserved, 0K cma-reserved)
Dec  5 14:20:36 kernel: [    0.000000] SLUB: HWalign=64, Order=0-3, MinObjects=0, CPUs=4, Nodes=1
Dec  5 14:20:36 kernel: [    0.000000] Hierarchical RCU implementation.
Dec  5 14:20:36 kernel: [    0.000000] 	Build-time adjustment of leaf fanout to 64.
Dec  5 14:20:36 kernel: [    0.000000] 	RCU restricting CPUs from NR_CPUS=256 to nr_cpu_ids=4.
Dec  5 14:20:36 kernel: [    0.000000] RCU: Adjusting geometry for rcu_fanout_leaf=64, nr_cpu_ids=4
Dec  5 14:20:36 kernel: [    0.000000] NR_IRQS:16640 nr_irqs:456 16
Dec  5 14:20:36 kernel: [    0.000000] Console: colour VGA+ 80x25
Dec  5 14:20:36 kernel: [    0.000000] console [tty0] enabled
Dec  5 14:20:36 kernel: [    0.000000] clocksource: hpet: mask: 0xffffffff max_cycles: 0xffffffff, max_idle_ns: 133484882848 ns
Dec  5 14:20:36 kernel: [    0.000000] hpet clockevent registered
Dec  5 14:20:36 kernel: [    0.000000] tsc: PIT calibration matches HPET. 1 loops
Dec  5 14:20:36 kernel: [    0.000000] tsc: Detected 3092.300 MHz processor
Dec  5 14:20:36 kernel: [    0.000027] Calibrating delay loop (skipped), value calculated using timer frequency.. 6184.60 BogoMIPS (lpj=12369200)
Dec  5 14:20:36 kernel: [    0.000112] pid_max: default: 32768 minimum: 301
Dec  5 14:20:36 kernel: [    0.000157] ACPI: Core revision 20150930
Dec  5 14:20:36 kernel: [    0.003754] ACPI: 3 ACPI AML tables successfully acquired and loaded
Dec  5 14:20:36 kernel: [    0.003860] Security Framework initialized
Dec  5 14:20:36 kernel: [    0.003902] Yama: becoming mindful.
Dec  5 14:20:36 kernel: [    0.003951] AppArmor: AppArmor initialized
Dec  5 14:20:36 kernel: [    0.004386] Dentry cache hash table entries: 1048576 (order: 11, 8388608 bytes)
Dec  5 14:20:36 kernel: [    0.005735] Inode-cache hash table entries: 524288 (order: 10, 4194304 bytes)
Dec  5 14:20:36 kernel: [    0.006329] Mount-cache hash table entries: 16384 (order: 5, 131072 bytes)
Dec  5 14:20:36 kernel: [    0.006381] Mountpoint-cache hash table entries: 16384 (order: 5, 131072 bytes)
Dec  5 14:20:36 kernel: [    0.006611] Initializing cgroup subsys io
Dec  5 14:20:36 kernel: [    0.006656] Initializing cgroup subsys memory
Dec  5 14:20:36 kernel: [    0.006700] Initializing cgroup subsys devices
Dec  5 14:20:36 kernel: [    0.006742] Initializing cgroup subsys freezer
Dec  5 14:20:36 kernel: [    0.006784] Initializing cgroup subsys net_cls
Dec  5 14:20:36 kernel: [    0.006823] Initializing cgroup subsys perf_event
Dec  5 14:20:36 kernel: [    0.006866] Initializing cgroup subsys net_prio
Dec  5 14:20:36 kernel: [    0.006909] Initializing cgroup subsys hugetlb
Dec  5 14:20:36 kernel: [    0.006948] Initializing cgroup subsys pids
Dec  5 14:20:36 kernel: [    0.007005] CPU: Physical Processor ID: 0
Dec  5 14:20:36 kernel: [    0.007046] CPU: Processor Core ID: 0
Dec  5 14:20:36 kernel: [    0.007088] ENERGY_PERF_BIAS: Set to 'normal', was 'performance'
Dec  5 14:20:36 kernel: [    0.007132] ENERGY_PERF_BIAS: View and update with x86_energy_perf_policy(8)
Dec  5 14:20:36 kernel: [    0.007830] mce: CPU supports 9 MCE banks
Dec  5 14:20:36 kernel: [    0.007881] CPU0: Thermal monitoring enabled (TM1)
Dec  5 14:20:36 kernel: [    0.007929] process: using mwait in idle threads
Dec  5 14:20:36 kernel: [    0.007973] Last level iTLB entries: 4KB 512, 2MB 8, 4MB 8
Dec  5 14:20:36 kernel: [    0.008016] Last level dTLB entries: 4KB 512, 2MB 32, 4MB 32, 1GB 0
Dec  5 14:20:36 kernel: [    0.008389] Freeing SMP alternatives memory: 28K (ffffffff820b4000 - ffffffff820bb000)
Dec  5 14:20:36 kernel: [    0.010315] ftrace: allocating 31994 entries in 125 pages
Dec  5 14:20:36 kernel: [    0.022872] smpboot: Max logical packages: 1
Dec  5 14:20:36 kernel: [    0.022917] smpboot: APIC(0) Converting physical 0 to logical package 0
Dec  5 14:20:36 kernel: [    0.022970] DMAR: Host address width 36
Dec  5 14:20:36 kernel: [    0.023011] DMAR: DRHD base: 0x000000fed90000 flags: 0x0
Dec  5 14:20:36 kernel: [    0.023058] DMAR: dmar0: reg_base_addr fed90000 ver 1:0 cap c0000020e60262 ecap f0101a
Dec  5 14:20:36 kernel: [    0.023114] DMAR: DRHD base: 0x000000fed91000 flags: 0x1
Dec  5 14:20:36 kernel: [    0.023158] DMAR: dmar1: reg_base_addr fed91000 ver 1:0 cap c9008020660262 ecap f0105a
Dec  5 14:20:36 kernel: [    0.023215] DMAR: RMRR base: 0x000000cac35000 end: 0x000000cac43fff
Dec  5 14:20:36 kernel: [    0.023258] DMAR: RMRR base: 0x000000cb800000 end: 0x000000cf9fffff
Dec  5 14:20:36 kernel: [    0.023302] DMAR-IR: IOAPIC id 0 under DRHD base  0xfed91000 IOMMU 1
Dec  5 14:20:36 kernel: [    0.023346] DMAR-IR: HPET id 0 under DRHD base 0xfed91000
Dec  5 14:20:36 kernel: [    0.023388] DMAR-IR: Queued invalidation will be enabled to support x2apic and Intr-remapping.
Dec  5 14:20:36 kernel: [    0.023825] DMAR-IR: Enabled IRQ remapping in x2apic mode
Dec  5 14:20:36 kernel: [    0.023869] x2apic enabled
Dec  5 14:20:36 kernel: [    0.023913] Switched APIC routing to cluster x2apic.
Dec  5 14:20:36 kernel: [    0.024692] ..TIMER: vector=0x30 apic1=0 pin1=2 apic2=-1 pin2=-1
Dec  5 14:20:36 kernel: [    0.064426] TSC deadline timer enabled
Dec  5 14:20:36 kernel: [    0.064432] smpboot: CPU0: Intel(R) Core(TM) i5-2400 CPU @ 3.10GHz (family: 0x6, model: 0x2a, stepping: 0x7)
Dec  5 14:20:36 kernel: [    0.064571] Performance Events: PEBS fmt1+, 16-deep LBR, SandyBridge events, full-width counters, Intel PMU driver.
Dec  5 14:20:36 kernel: [    0.064763] core: PEBS disabled due to CPU errata, please upgrade microcode
Dec  5 14:20:36 kernel: [    0.064809] ... version:                3
Dec  5 14:20:36 kernel: [    0.064849] ... bit width:              48
Dec  5 14:20:36 kernel: [    0.064889] ... generic registers:      8
Dec  5 14:20:36 kernel: [    0.064929] ... value mask:             0000ffffffffffff
Dec  5 14:20:36 kernel: [    0.064971] ... max period:             0000ffffffffffff
Dec  5 14:20:36 kernel: [    0.065013] ... fixed-purpose events:   3
Dec  5 14:20:36 kernel: [    0.065053] ... event mask:             00000007000000ff
Dec  5 14:20:36 kernel: [    0.065723] x86: Booting SMP configuration:
Dec  5 14:20:36 kernel: [    0.065766] .... node  #0, CPUs:      #1
Dec  5 14:20:36 kernel: [    0.068324] NMI watchdog: enabled on all CPUs, permanently consumes one hw-PMU counter.
Dec  5 14:20:36 kernel: [    0.068494]  #2 #3
Dec  5 14:20:36 kernel: [    0.073264] x86: Booted up 1 node, 4 CPUs
Dec  5 14:20:36 kernel: [    0.073339] smpboot: Total of 4 processors activated (24738.40 BogoMIPS)
Dec  5 14:20:36 kernel: [    0.075873] devtmpfs: initialized
Dec  5 14:20:36 kernel: [    0.079046] evm: security.selinux
Dec  5 14:20:36 kernel: [    0.079086] evm: security.SMACK64
Dec  5 14:20:36 kernel: [    0.079124] evm: security.SMACK64EXEC
Dec  5 14:20:36 kernel: [    0.079163] evm: security.SMACK64TRANSMUTE
Dec  5 14:20:36 kernel: [    0.079203] evm: security.SMACK64MMAP
Dec  5 14:20:36 kernel: [    0.079242] evm: security.ima
Dec  5 14:20:36 kernel: [    0.079280] evm: security.capability
Dec  5 14:20:36 kernel: [    0.079390] PM: Registering ACPI NVS region [mem 0xcabdd000-0xcac25fff] (299008 bytes)
Dec  5 14:20:36 kernel: [    0.079450] PM: Registering ACPI NVS region [mem 0xcac34000-0xcac34fff] (4096 bytes)
Dec  5 14:20:36 kernel: [    0.079505] PM: Registering ACPI NVS region [mem 0xcac55000-0xcac76fff] (139264 bytes)
Dec  5 14:20:36 kernel: [    0.079563] PM: Registering ACPI NVS region [mem 0xcacfe000-0xcacfefff] (4096 bytes)
Dec  5 14:20:36 kernel: [    0.079620] PM: Registering ACPI NVS region [mem 0xcad11000-0xcad1efff] (57344 bytes)
Dec  5 14:20:36 kernel: [    0.079677] PM: Registering ACPI NVS region [mem 0xcad30000-0xcad72fff] (274432 bytes)
Dec  5 14:20:36 kernel: [    0.079744] reboot: HP Compaq Laptop series board detected. Selecting BIOS-method for reboots.
Dec  5 14:20:36 kernel: [    0.079854] clocksource: jiffies: mask: 0xffffffff max_cycles: 0xffffffff, max_idle_ns: 7645041785100000 ns
Dec  5 14:20:36 kernel: [    0.079982] pinctrl core: initialized pinctrl subsystem
Dec  5 14:20:36 kernel: [    0.080151] RTC time: 14:20:33, date: 12/05/16
Dec  5 14:20:36 kernel: [    0.080279] NET: Registered protocol family 16
Dec  5 14:20:36 kernel: [    0.089256] cpuidle: using governor ladder
Dec  5 14:20:36 kernel: [    0.101258] cpuidle: using governor menu
Dec  5 14:20:36 kernel: [    0.101311] PCCT header not found.
Dec  5 14:20:36 kernel: [    0.101426] ACPI: bus type PCI registered
Dec  5 14:20:36 kernel: [    0.101466] acpiphp: ACPI Hot Plug PCI Controller Driver version: 0.5
Dec  5 14:20:36 kernel: [    0.101571] PCI: MMCONFIG for domain 0000 [bus 00-ff] at [mem 0xe0000000-0xefffffff] (base 0xe0000000)
Dec  5 14:20:36 kernel: [    0.101632] PCI: not using MMCONFIG
Dec  5 14:20:36 kernel: [    0.101672] PCI: Using configuration type 1 for base access
Dec  5 14:20:36 kernel: [    0.101852] NMI watchdog: enabled on all CPUs, permanently consumes one hw-PMU counter.
Dec  5 14:20:36 kernel: [    0.101914] core: PMU erratum BJ122, BV98, HSD29 workaround disabled, HT off
Dec  5 14:20:36 kernel: [    0.113555] ACPI: Added _OSI(Module Device)
Dec  5 14:20:36 kernel: [    0.113594] ACPI: Added _OSI(Processor Device)
Dec  5 14:20:36 kernel: [    0.113634] ACPI: Added _OSI(3.0 _SCP Extensions)
Dec  5 14:20:36 kernel: [    0.113675] ACPI: Added _OSI(Processor Aggregator Device)
Dec  5 14:20:36 kernel: [    0.115278] ACPI: Executed 1 blocks of module-level executable AML code
Dec  5 14:20:36 kernel: [    0.117254] ACPI: Dynamic OEM Table Load:
Dec  5 14:20:36 kernel: [    0.117348] ACPI: SSDT 0xFFFF8802245B3000 00038C (v01 AMI    IST      00000001 MSFT 03000001)
Dec  5 14:20:36 kernel: [    0.117700] ACPI: Dynamic OEM Table Load:
Dec  5 14:20:36 kernel: [    0.117790] ACPI: SSDT 0xFFFF88022459A900 000084 (v01 AMI    CST      00000001 MSFT 03000001)
Dec  5 14:20:36 kernel: [    0.118417] ACPI: Interpreter enabled
Dec  5 14:20:36 kernel: [    0.118462] ACPI Exception: AE_NOT_FOUND, While evaluating Sleep State [\_S1_] (20150930/hwxface-580)
Dec  5 14:20:36 kernel: [    0.118568] ACPI Exception: AE_NOT_FOUND, While evaluating Sleep State [\_S2_] (20150930/hwxface-580)
Dec  5 14:20:36 kernel: [    0.118678] ACPI: (supports S0 S3 S4 S5)
Dec  5 14:20:36 kernel: [    0.118719] ACPI: Using IOAPIC for interrupt routing
Dec  5 14:20:36 kernel: [    0.118781] PCI: MMCONFIG for domain 0000 [bus 00-ff] at [mem 0xe0000000-0xefffffff] (base 0xe0000000)
Dec  5 14:20:36 kernel: [    0.118882] PCI: MMCONFIG at [mem 0xe0000000-0xefffffff] reserved in ACPI motherboard resources
Dec  5 14:20:36 kernel: [    0.118950] PCI: Using host bridge windows from ACPI; if necessary, use "pci=nocrs" and report a bug
Dec  5 14:20:36 kernel: [    0.119188] [Firmware Bug]: ACPI: BIOS _OSI(Linux) query ignored
Dec  5 14:20:36 kernel: [    0.123339] ACPI: PCI Root Bridge [PCI0] (domain 0000 [bus 00-ff])
Dec  5 14:20:36 kernel: [    0.123385] acpi PNP0A08:00: _OSC: OS supports [ExtendedConfig ASPM ClockPM Segments MSI]
Dec  5 14:20:36 kernel: [    0.123571] acpi PNP0A08:00: _OSC: OS now controls [PCIeHotplug PME AER PCIeCapability]
Dec  5 14:20:36 kernel: [    0.123888] PCI host bridge to bus 0000:00
Dec  5 14:20:36 kernel: [    0.123930] pci_bus 0000:00: root bus resource [io  0x0000-0x03af window]
Dec  5 14:20:36 kernel: [    0.123973] pci_bus 0000:00: root bus resource [io  0x03e0-0x0cf7 window]
Dec  5 14:20:36 kernel: [    0.124017] pci_bus 0000:00: root bus resource [io  0x03b0-0x03df window]
Dec  5 14:20:36 kernel: [    0.124063] pci_bus 0000:00: root bus resource [io  0x0d00-0xffff window]
Dec  5 14:20:36 kernel: [    0.124108] pci_bus 0000:00: root bus resource [mem 0x000a0000-0x000bffff window]
Dec  5 14:20:36 kernel: [    0.124164] pci_bus 0000:00: root bus resource [mem 0x000c0000-0x000dffff window]
Dec  5 14:20:36 kernel: [    0.124221] pci_bus 0000:00: root bus resource [mem 0xcfa00000-0xffffffff window]
Dec  5 14:20:36 kernel: [    0.124279] pci_bus 0000:00: root bus resource [bus 00-ff]
Dec  5 14:20:36 kernel: [    0.124326] pci 0000:00:00.0: [8086:0100] type 00 class 0x060000
Dec  5 14:20:36 kernel: [    0.124401] pci 0000:00:02.0: [8086:0102] type 00 class 0x030000
Dec  5 14:20:36 kernel: [    0.124411] pci 0000:00:02.0: reg 0x10: [mem 0xfe000000-0xfe3fffff 64bit]
Dec  5 14:20:36 kernel: [    0.124416] pci 0000:00:02.0: reg 0x18: [mem 0xd0000000-0xdfffffff 64bit pref]
Dec  5 14:20:36 kernel: [    0.124420] pci 0000:00:02.0: reg 0x20: [io  0xf000-0xf03f]
Dec  5 14:20:36 kernel: [    0.124504] pci 0000:00:16.0: [8086:1c3a] type 00 class 0x078000
Dec  5 14:20:36 kernel: [    0.124534] pci 0000:00:16.0: reg 0x10: [mem 0xfe42a000-0xfe42a00f 64bit]
Dec  5 14:20:36 kernel: [    0.124588] pci 0000:00:16.0: PME# supported from D0 D3hot D3cold
Dec  5 14:20:36 kernel: [    0.124649] pci 0000:00:16.2: [8086:1c3c] type 00 class 0x010185
Dec  5 14:20:36 kernel: [    0.124674] pci 0000:00:16.2: reg 0x10: [io  0xf130-0xf137]
Dec  5 14:20:36 kernel: [    0.124682] pci 0000:00:16.2: reg 0x14: [io  0xf120-0xf123]
Dec  5 14:20:36 kernel: [    0.124692] pci 0000:00:16.2: reg 0x18: [io  0xf110-0xf117]
Dec  5 14:20:36 kernel: [    0.124701] pci 0000:00:16.2: reg 0x1c: [io  0xf100-0xf103]
Dec  5 14:20:36 kernel: [    0.124709] pci 0000:00:16.2: reg 0x20: [io  0xf0f0-0xf0ff]
Dec  5 14:20:36 kernel: [    0.124798] pci 0000:00:16.3: [8086:1c3d] type 00 class 0x070002
Dec  5 14:20:36 kernel: [    0.124821] pci 0000:00:16.3: reg 0x10: [io  0xf0e0-0xf0e7]
Dec  5 14:20:36 kernel: [    0.124831] pci 0000:00:16.3: reg 0x14: [mem 0xfe429000-0xfe429fff]
Dec  5 14:20:36 kernel: [    0.124941] pci 0000:00:19.0: [8086:1502] type 00 class 0x020000
Dec  5 14:20:36 kernel: [    0.124970] pci 0000:00:19.0: reg 0x10: [mem 0xfe400000-0xfe41ffff]
Dec  5 14:20:36 kernel: [    0.124979] pci 0000:00:19.0: reg 0x14: [mem 0xfe428000-0xfe428fff]
Dec  5 14:20:36 kernel: [    0.124988] pci 0000:00:19.0: reg 0x18: [io  0xf080-0xf09f]
Dec  5 14:20:36 kernel: [    0.125038] pci 0000:00:19.0: PME# supported from D0 D3hot D3cold
Dec  5 14:20:36 kernel: [    0.125070] pci 0000:00:19.0: System wakeup disabled by ACPI
Dec  5 14:20:36 kernel: [    0.125150] pci 0000:00:1a.0: [8086:1c2d] type 00 class 0x0c0320
Dec  5 14:20:36 kernel: [    0.125178] pci 0000:00:1a.0: reg 0x10: [mem 0xfe427000-0xfe4273ff]
Dec  5 14:20:36 kernel: [    0.125250] pci 0000:00:1a.0: PME# supported from D0 D3hot D3cold
Dec  5 14:20:36 kernel: [    0.125284] pci 0000:00:1a.0: System wakeup disabled by ACPI
Dec  5 14:20:36 kernel: [    0.125368] pci 0000:00:1b.0: [8086:1c20] type 00 class 0x040300
Dec  5 14:20:36 kernel: [    0.125397] pci 0000:00:1b.0: reg 0x10: [mem 0xfe420000-0xfe423fff 64bit]
Dec  5 14:20:36 kernel: [    0.125460] pci 0000:00:1b.0: PME# supported from D0 D3hot D3cold
Dec  5 14:20:36 kernel: [    0.125539] pci 0000:00:1c.0: [8086:1c10] type 01 class 0x060400
Dec  5 14:20:36 kernel: [    0.125712] pci 0000:00:1c.0: PME# supported from D0 D3hot D3cold
Dec  5 14:20:36 kernel: [    0.125760] pci 0000:00:1c.0: System wakeup disabled by ACPI
Dec  5 14:20:36 kernel: [    0.125850] pci 0000:00:1c.4: [8086:1c18] type 01 class 0x060400
Dec  5 14:20:36 kernel: [    0.126015] pci 0000:00:1c.4: PME# supported from D0 D3hot D3cold
Dec  5 14:20:36 kernel: [    0.126067] pci 0000:00:1c.4: System wakeup disabled by ACPI
Dec  5 14:20:36 kernel: [    0.126157] pci 0000:00:1c.6: [8086:1c1c] type 01 class 0x060400
Dec  5 14:20:36 kernel: [    0.126328] pci 0000:00:1c.6: PME# supported from D0 D3hot D3cold
Dec  5 14:20:36 kernel: [    0.126379] pci 0000:00:1c.6: System wakeup disabled by ACPI
Dec  5 14:20:36 kernel: [    0.126466] pci 0000:00:1c.7: [8086:1c1e] type 01 class 0x060400
Dec  5 14:20:36 kernel: [    0.126635] pci 0000:00:1c.7: PME# supported from D0 D3hot D3cold
Dec  5 14:20:36 kernel: [    0.126686] pci 0000:00:1c.7: System wakeup disabled by ACPI
Dec  5 14:20:36 kernel: [    0.126765] pci 0000:00:1d.0: [8086:1c26] type 00 class 0x0c0320
Dec  5 14:20:36 kernel: [    0.126792] pci 0000:00:1d.0: reg 0x10: [mem 0xfe426000-0xfe4263ff]
Dec  5 14:20:36 kernel: [    0.126866] pci 0000:00:1d.0: PME# supported from D0 D3hot D3cold
Dec  5 14:20:36 kernel: [    0.126900] pci 0000:00:1d.0: System wakeup disabled by ACPI
Dec  5 14:20:36 kernel: [    0.126976] pci 0000:00:1e.0: [8086:244e] type 01 class 0x060401
Dec  5 14:20:36 kernel: [    0.127050] pci 0000:00:1e.0: System wakeup disabled by ACPI
Dec  5 14:20:36 kernel: [    0.127135] pci 0000:00:1f.0: [8086:1c4e] type 00 class 0x060100
Dec  5 14:20:36 kernel: [    0.127394] pci 0000:00:1f.2: [8086:1c02] type 00 class 0x010601
Dec  5 14:20:36 kernel: [    0.127419] pci 0000:00:1f.2: reg 0x10: [io  0xf0d0-0xf0d7]
Dec  5 14:20:36 kernel: [    0.127428] pci 0000:00:1f.2: reg 0x14: [io  0xf0c0-0xf0c3]
Dec  5 14:20:36 kernel: [    0.127437] pci 0000:00:1f.2: reg 0x18: [io  0xf0b0-0xf0b7]
Dec  5 14:20:36 kernel: [    0.127445] pci 0000:00:1f.2: reg 0x1c: [io  0xf0a0-0xf0a3]
Dec  5 14:20:36 kernel: [    0.127454] pci 0000:00:1f.2: reg 0x20: [io  0xf060-0xf07f]
Dec  5 14:20:36 kernel: [    0.127462] pci 0000:00:1f.2: reg 0x24: [mem 0xfe425000-0xfe4257ff]
Dec  5 14:20:36 kernel: [    0.127495] pci 0000:00:1f.2: PME# supported from D3hot
Dec  5 14:20:36 kernel: [    0.127557] pci 0000:00:1f.3: [8086:1c22] type 00 class 0x0c0500
Dec  5 14:20:36 kernel: [    0.127574] pci 0000:00:1f.3: reg 0x10: [mem 0xfe424000-0xfe4240ff 64bit]
Dec  5 14:20:36 kernel: [    0.127594] pci 0000:00:1f.3: reg 0x20: [io  0xf040-0xf05f]
Dec  5 14:20:36 kernel: [    0.127740] pci 0000:00:1c.0: PCI bridge to [bus 01]
Dec  5 14:20:36 kernel: [    0.127883] pci 0000:00:1c.4: PCI bridge to [bus 02]
Dec  5 14:20:36 kernel: [    0.128018] pci 0000:00:1c.6: PCI bridge to [bus 03]
Dec  5 14:20:36 kernel: [    0.128155] pci 0000:00:1c.7: PCI bridge to [bus 04]
Dec  5 14:20:36 kernel: [    0.128277] pci 0000:00:1e.0: PCI bridge to [bus 05] (subtractive decode)
Dec  5 14:20:36 kernel: [    0.128329] pci 0000:00:1e.0:   bridge window [io  0x0000-0x03af window] (subtractive decode)
Dec  5 14:20:36 kernel: [    0.128330] pci 0000:00:1e.0:   bridge window [io  0x03e0-0x0cf7 window] (subtractive decode)
Dec  5 14:20:36 kernel: [    0.128332] pci 0000:00:1e.0:   bridge window [io  0x03b0-0x03df window] (subtractive decode)
Dec  5 14:20:36 kernel: [    0.128333] pci 0000:00:1e.0:   bridge window [io  0x0d00-0xffff window] (subtractive decode)
Dec  5 14:20:36 kernel: [    0.128334] pci 0000:00:1e.0:   bridge window [mem 0x000a0000-0x000bffff window] (subtractive decode)
Dec  5 14:20:36 kernel: [    0.128336] pci 0000:00:1e.0:   bridge window [mem 0x000c0000-0x000dffff window] (subtractive decode)
Dec  5 14:20:36 kernel: [    0.128337] pci 0000:00:1e.0:   bridge window [mem 0xcfa00000-0xffffffff window] (subtractive decode)
Dec  5 14:20:36 kernel: [    0.128884] ACPI: PCI Interrupt Link [LNKA] (IRQs 3 4 5 6 7 10 *11 12 14 15)
Dec  5 14:20:36 kernel: [    0.129240] ACPI: PCI Interrupt Link [LNKB] (IRQs 3 4 *5 6 7 10 11 12 14 15)
Dec  5 14:20:36 kernel: [    0.129608] ACPI: PCI Interrupt Link [LNKC] (IRQs 3 4 5 6 *10 11 12 14 15)
Dec  5 14:20:36 kernel: [    0.129944] ACPI: PCI Interrupt Link [LNKD] (IRQs 3 4 5 6 10 *11 12 14 15)
Dec  5 14:20:36 kernel: [    0.130276] ACPI: PCI Interrupt Link [LNKE] (IRQs *3 4 5 6 7 10 11 12 14 15)
Dec  5 14:20:36 kernel: [    0.130633] ACPI: PCI Interrupt Link [LNKF] (IRQs 3 4 5 6 7 10 11 12 14 15) *0
Dec  5 14:20:36 kernel: [    0.131027] ACPI: PCI Interrupt Link [LNKG] (IRQs 3 4 5 6 *7 10 11 12 14 15)
Dec  5 14:20:36 kernel: [    0.131386] ACPI: PCI Interrupt Link [LNKH] (IRQs 3 4 5 6 7 *10 11 12 14 15)
Dec  5 14:20:36 kernel: [    0.131771] ACPI: Enabled 3 GPEs in block 00 to 3F
Dec  5 14:20:36 kernel: [    0.131936] vgaarb: setting as boot device: PCI:0000:00:02.0
Dec  5 14:20:36 kernel: [    0.131979] vgaarb: device added: PCI:0000:00:02.0,decodes=io+mem,owns=io+mem,locks=none
Dec  5 14:20:36 kernel: [    0.132038] vgaarb: loaded
Dec  5 14:20:36 kernel: [    0.132077] vgaarb: bridge control possible 0000:00:02.0
Dec  5 14:20:36 kernel: [    0.132308] SCSI subsystem initialized
Dec  5 14:20:36 kernel: [    0.132372] libata version 3.00 loaded.
Dec  5 14:20:36 kernel: [    0.132389] ACPI: bus type USB registered
Dec  5 14:20:36 kernel: [    0.132442] usbcore: registered new interface driver usbfs
Dec  5 14:20:36 kernel: [    0.132491] usbcore: registered new interface driver hub
Dec  5 14:20:36 kernel: [    0.132544] usbcore: registered new device driver usb
Dec  5 14:20:36 kernel: [    0.132682] PCI: Using ACPI for IRQ routing
Dec  5 14:20:36 kernel: [    0.138631] PCI: pci_cache_line_size set to 64 bytes
Dec  5 14:20:36 kernel: [    0.138701] e820: reserve RAM buffer [mem 0x0009bc00-0x0009ffff]
Dec  5 14:20:36 kernel: [    0.138703] e820: reserve RAM buffer [mem 0xcabdd000-0xcbffffff]
Dec  5 14:20:36 kernel: [    0.138704] e820: reserve RAM buffer [mem 0xcb000000-0xcbffffff]
Dec  5 14:20:36 kernel: [    0.138705] e820: reserve RAM buffer [mem 0x22e600000-0x22fffffff]
Dec  5 14:20:36 kernel: [    0.138791] NetLabel: Initializing
Dec  5 14:20:36 kernel: [    0.138831] NetLabel:  domain hash size = 128
Dec  5 14:20:36 kernel: [    0.138871] NetLabel:  protocols = UNLABELED CIPSOv4
Dec  5 14:20:36 kernel: [    0.138921] NetLabel:  unlabeled traffic allowed by default
Dec  5 14:20:36 kernel: [    0.139040] hpet0: at MMIO 0xfed00000, IRQs 2, 8, 0, 0, 0, 0, 0, 0
Dec  5 14:20:36 kernel: [    0.139292] hpet0: 8 comparators, 64-bit 14.318180 MHz counter
Dec  5 14:20:36 kernel: [    0.141356] clocksource: Switched to clocksource hpet
Dec  5 14:20:36 kernel: [    0.146114] AppArmor: AppArmor Filesystem Enabled
Dec  5 14:20:36 kernel: [    0.146214] pnp: PnP ACPI init
Dec  5 14:20:36 kernel: [    0.146354] system 00:00: [mem 0xfed10000-0xfed19fff] has been reserved
Dec  5 14:20:36 kernel: [    0.146400] system 00:00: [mem 0xe0000000-0xefffffff] has been reserved
Dec  5 14:20:36 kernel: [    0.146446] system 00:00: [mem 0xfed90000-0xfed93fff] could not be reserved
Dec  5 14:20:36 kernel: [    0.146492] system 00:00: [mem 0xfed20000-0xfed3ffff] has been reserved
Dec  5 14:20:36 kernel: [    0.146537] system 00:00: [mem 0xfee00000-0xfee0ffff] has been reserved
Dec  5 14:20:36 kernel: [    0.146584] system 00:00: Plug and Play ACPI device, IDs PNP0c01 (active)
Dec  5 14:20:36 kernel: [    0.146676] system 00:01: [io  0x0620-0x063f] has been reserved
Dec  5 14:20:36 kernel: [    0.146721] system 00:01: [io  0x0610-0x061f] has been reserved
Dec  5 14:20:36 kernel: [    0.146766] system 00:01: Plug and Play ACPI device, IDs PNP0c02 (active)
Dec  5 14:20:36 kernel: [    0.146805] pnp 00:02: Plug and Play ACPI device, IDs PNP0303 PNP030b (active)
Dec  5 14:20:36 kernel: [    0.146839] pnp 00:03: Plug and Play ACPI device, IDs PNP0f03 PNP0f13 (active)
Dec  5 14:20:36 kernel: [    0.147009] pnp 00:04: [dma 0 disabled]
Dec  5 14:20:36 kernel: [    0.147024] pnp 00:04: Plug and Play ACPI device, IDs PNP0501 (active)
Dec  5 14:20:36 kernel: [    0.147184] pnp 00:05: Plug and Play ACPI device, IDs PNP0b00 (active)
Dec  5 14:20:36 kernel: [    0.147223] system 00:06: [io  0x04d0-0x04d1] has been reserved
Dec  5 14:20:36 kernel: [    0.147269] system 00:06: Plug and Play ACPI device, IDs PNP0c02 (active)
Dec  5 14:20:36 kernel: [    0.147307] pnp 00:07: Plug and Play ACPI device, IDs IFX0102 PNP0c31 (active)
Dec  5 14:20:36 kernel: [    0.147426] system 00:08: [io  0x0400-0x0453] could not be reserved
Dec  5 14:20:36 kernel: [    0.147471] system 00:08: [io  0x0458-0x047f] has been reserved
Dec  5 14:20:36 kernel: [    0.148164] system 00:08: [io  0x1180-0x119f] has been reserved
Dec  5 14:20:36 kernel: [    0.148208] system 00:08: [io  0x0500-0x057f] has been reserved
Dec  5 14:20:36 kernel: [    0.148252] system 00:08: [mem 0xfed1c000-0xfed1ffff] has been reserved
Dec  5 14:20:36 kernel: [    0.148298] system 00:08: [mem 0xfec00000-0xfecfffff] could not be reserved
Dec  5 14:20:36 kernel: [    0.148344] system 00:08: [mem 0xfed08000-0xfed08fff] has been reserved
Dec  5 14:20:36 kernel: [    0.148390] system 00:08: [mem 0xff000000-0xffffffff] has been reserved
Dec  5 14:20:36 kernel: [    0.148436] system 00:08: Plug and Play ACPI device, IDs PNP0c01 (active)
Dec  5 14:20:36 kernel: [    0.148479] system 00:09: [io  0x0454-0x0457] has been reserved
Dec  5 14:20:36 kernel: [    0.148525] system 00:09: Plug and Play ACPI device, IDs INT3f0d PNP0c02 (active)
Dec  5 14:20:36 kernel: [    0.148721] pnp: PnP ACPI: found 10 devices
Dec  5 14:20:36 kernel: [    0.155173] clocksource: acpi_pm: mask: 0xffffff max_cycles: 0xffffff, max_idle_ns: 2085701024 ns
Dec  5 14:20:36 kernel: [    0.155306] pci 0000:00:1c.0: PCI bridge to [bus 01]
Dec  5 14:20:36 kernel: [    0.155375] pci 0000:00:1c.4: PCI bridge to [bus 02]
Dec  5 14:20:36 kernel: [    0.155437] pci 0000:00:1c.6: PCI bridge to [bus 03]
Dec  5 14:20:36 kernel: [    0.155497] pci 0000:00:1c.7: PCI bridge to [bus 04]
Dec  5 14:20:36 kernel: [    0.155560] pci 0000:00:1e.0: PCI bridge to [bus 05]
Dec  5 14:20:36 kernel: [    0.155609] pci_bus 0000:00: resource 4 [io  0x0000-0x03af window]
Dec  5 14:20:36 kernel: [    0.155611] pci_bus 0000:00: resource 5 [io  0x03e0-0x0cf7 window]
Dec  5 14:20:36 kernel: [    0.155612] pci_bus 0000:00: resource 6 [io  0x03b0-0x03df window]
Dec  5 14:20:36 kernel: [    0.155613] pci_bus 0000:00: resource 7 [io  0x0d00-0xffff window]
Dec  5 14:20:36 kernel: [    0.155615] pci_bus 0000:00: resource 8 [mem 0x000a0000-0x000bffff window]
Dec  5 14:20:36 kernel: [    0.155616] pci_bus 0000:00: resource 9 [mem 0x000c0000-0x000dffff window]
Dec  5 14:20:36 kernel: [    0.155617] pci_bus 0000:00: resource 10 [mem 0xcfa00000-0xffffffff window]
Dec  5 14:20:36 kernel: [    0.155619] pci_bus 0000:05: resource 4 [io  0x0000-0x03af window]
Dec  5 14:20:36 kernel: [    0.155620] pci_bus 0000:05: resource 5 [io  0x03e0-0x0cf7 window]
Dec  5 14:20:36 kernel: [    0.155622] pci_bus 0000:05: resource 6 [io  0x03b0-0x03df window]
Dec  5 14:20:36 kernel: [    0.155623] pci_bus 0000:05: resource 7 [io  0x0d00-0xffff window]
Dec  5 14:20:36 kernel: [    0.155624] pci_bus 0000:05: resource 8 [mem 0x000a0000-0x000bffff window]
Dec  5 14:20:36 kernel: [    0.155626] pci_bus 0000:05: resource 9 [mem 0x000c0000-0x000dffff window]
Dec  5 14:20:36 kernel: [    0.155627] pci_bus 0000:05: resource 10 [mem 0xcfa00000-0xffffffff window]
Dec  5 14:20:36 kernel: [    0.155652] NET: Registered protocol family 2
Dec  5 14:20:36 kernel: [    0.155824] TCP established hash table entries: 65536 (order: 7, 524288 bytes)
Dec  5 14:20:36 kernel: [    0.155985] TCP bind hash table entries: 65536 (order: 8, 1048576 bytes)
Dec  5 14:20:36 kernel: [    0.156144] TCP: Hash tables configured (established 65536 bind 65536)
Dec  5 14:20:36 kernel: [    0.156207] UDP hash table entries: 4096 (order: 5, 131072 bytes)
Dec  5 14:20:36 kernel: [    0.156273] UDP-Lite hash table entries: 4096 (order: 5, 131072 bytes)
Dec  5 14:20:36 kernel: [    0.156360] NET: Registered protocol family 1
Dec  5 14:20:36 kernel: [    0.156418] pci 0000:00:02.0: BIOS left Intel GPU interrupts enabled; disabling
Dec  5 14:20:36 kernel: [    0.156477] pci 0000:00:02.0: Video device with shadowed ROM
Dec  5 14:20:36 kernel: [    0.509544] PCI: CLS 64 bytes, default 64
Dec  5 14:20:36 kernel: [    0.509582] Trying to unpack rootfs image as initramfs...
Dec  5 14:20:36 kernel: [    0.935097] Freeing initrd memory: 36760K (ffff88007dc1a000 - ffff880080000000)
Dec  5 14:20:36 kernel: [    0.935191] PCI-DMA: Using software bounce buffering for IO (SWIOTLB)
Dec  5 14:20:36 kernel: [    0.935237] software IO TLB [mem 0xc6bdd000-0xcabdd000] (64MB) mapped at [ffff8800c6bdd000-ffff8800cabdcfff]
Dec  5 14:20:36 kernel: [    0.935368] RAPL PMU detected, API unit is 2^-32 Joules, 3 fixed counters 163840 ms ovfl timer
Dec  5 14:20:36 kernel: [    0.935427] hw unit of domain pp0-core 2^-16 Joules
Dec  5 14:20:36 kernel: [    0.935468] hw unit of domain package 2^-16 Joules
Dec  5 14:20:36 kernel: [    0.935509] hw unit of domain pp1-gpu 2^-16 Joules
Dec  5 14:20:36 kernel: [    0.935685] Scanning for low memory corruption every 60 seconds
Dec  5 14:20:36 kernel: [    0.936004] futex hash table entries: 1024 (order: 4, 65536 bytes)
Dec  5 14:20:36 kernel: [    0.936070] audit: initializing netlink subsys (disabled)
Dec  5 14:20:36 kernel: [    0.936123] audit: type=2000 audit(1480947633.932:1): initialized
Dec  5 14:20:36 kernel: [    0.936544] Initialise system trusted keyring
Dec  5 14:20:36 kernel: [    0.936671] HugeTLB registered 2 MB page size, pre-allocated 0 pages
Dec  5 14:20:36 kernel: [    0.937894] zbud: loaded
Dec  5 14:20:36 kernel: [    0.938098] VFS: Disk quotas dquot_6.6.0
Dec  5 14:20:36 kernel: [    0.938164] VFS: Dquot-cache hash table entries: 512 (order 0, 4096 bytes)
Dec  5 14:20:36 kernel: [    0.938412] squashfs: version 4.0 (2009/01/31) Phillip Lougher
Dec  5 14:20:36 kernel: [    0.938645] fuse init (API version 7.23)
Dec  5 14:20:36 kernel: [    0.938789] Key type big_key registered
Dec  5 14:20:36 kernel: [    0.938848] Allocating IMA MOK and blacklist keyrings.
Dec  5 14:20:36 kernel: [    0.939355] Key type asymmetric registered
Dec  5 14:20:36 kernel: [    0.939398] Asymmetric key parser 'x509' registered
Dec  5 14:20:36 kernel: [    0.939465] Block layer SCSI generic (bsg) driver version 0.4 loaded (major 249)
Dec  5 14:20:36 kernel: [    0.939550] io scheduler noop registered
Dec  5 14:20:36 kernel: [    0.939592] io scheduler deadline registered (default)
Dec  5 14:20:36 kernel: [    0.939656] io scheduler cfq registered
Dec  5 14:20:36 kernel: [    0.940562] pcieport 0000:00:1c.0: Signaling PME through PCIe PME interrupt
Dec  5 14:20:36 kernel: [    0.940613] pcie_pme 0000:00:1c.0:pcie01: service driver pcie_pme loaded
Dec  5 14:20:36 kernel: [    0.940649] pcieport 0000:00:1c.4: Signaling PME through PCIe PME interrupt
Dec  5 14:20:36 kernel: [    0.940699] pcie_pme 0000:00:1c.4:pcie01: service driver pcie_pme loaded
Dec  5 14:20:36 kernel: [    0.940732] pcieport 0000:00:1c.6: Signaling PME through PCIe PME interrupt
Dec  5 14:20:36 kernel: [    0.940781] pcie_pme 0000:00:1c.6:pcie01: service driver pcie_pme loaded
Dec  5 14:20:36 kernel: [    0.940814] pcieport 0000:00:1c.7: Signaling PME through PCIe PME interrupt
Dec  5 14:20:36 kernel: [    0.940867] pcie_pme 0000:00:1c.7:pcie01: service driver pcie_pme loaded
Dec  5 14:20:36 kernel: [    0.940873] pci_hotplug: PCI Hot Plug PCI Core version: 0.5
Dec  5 14:20:36 kernel: [    0.940921] pciehp: PCI Express Hot Plug Controller Driver version: 0.4
Dec  5 14:20:36 kernel: [    0.940991] intel_idle: MWAIT substates: 0x1120
Dec  5 14:20:36 kernel: [    0.940992] intel_idle: v0.4.1 model 0x2A
Dec  5 14:20:36 kernel: [    0.940993] intel_idle: lapic_timer_reliable_states 0xffffffff
Dec  5 14:20:36 kernel: [    0.941159] input: Power Button as /devices/LNXSYSTM:00/LNXSYBUS:00/PNP0C0C:00/input/input0
Dec  5 14:20:36 kernel: [    0.941219] ACPI: Power Button [PWRB]
Dec  5 14:20:36 kernel: [    0.941288] input: Power Button as /devices/LNXSYSTM:00/LNXPWRBN:00/input/input1
Dec  5 14:20:36 kernel: [    0.941345] ACPI: Power Button [PWRF]
Dec  5 14:20:36 kernel: [    0.941813] GHES: HEST is not enabled!
Dec  5 14:20:36 kernel: [    0.941934] Serial: 8250/16550 driver, 32 ports, IRQ sharing enabled
Dec  5 14:20:36 kernel: [    0.963055] 00:04: ttyS0 at I/O 0x3f8 (irq = 4, base_baud = 115200) is a 16550A
Dec  5 14:20:36 kernel: [    0.984981] 0000:00:16.3: ttyS4 at I/O 0xf0e0 (irq = 17, base_baud = 115200) is a 16550A
Dec  5 14:20:36 kernel: [    0.985340] Linux agpgart interface v0.103
Dec  5 14:20:36 kernel: [    1.041702] tpm_tis 00:07: 1.2 TPM (device-id 0xB, rev-id 16)
Dec  5 14:20:36 kernel: [    1.257738] tpm_tis 00:07: TPM is disabled/deactivated (0x7)
Dec  5 14:20:36 kernel: [    1.261030] brd: module loaded
Dec  5 14:20:36 kernel: [    1.262359] loop: module loaded
Dec  5 14:20:36 kernel: [    1.262859] scsi host0: ata_generic
Dec  5 14:20:36 kernel: [    1.262990] scsi host1: ata_generic
Dec  5 14:20:36 kernel: [    1.263057] ata1: PATA max UDMA/100 cmd 0xf130 ctl 0xf120 bmdma 0xf0f0 irq 18
Dec  5 14:20:36 kernel: [    1.263103] ata2: PATA max UDMA/100 cmd 0xf110 ctl 0xf100 bmdma 0xf0f8 irq 18
Dec  5 14:20:36 kernel: [    1.263190] libphy: Fixed MDIO Bus: probed
Dec  5 14:20:36 kernel: [    1.263253] tun: Universal TUN/TAP device driver, 1.6
Dec  5 14:20:36 kernel: [    1.263317] tun: (C) 1999-2004 Max Krasnyansky <maxk@qualcomm.com>
Dec  5 14:20:36 kernel: [    1.263416] PPP generic driver version 2.4.2
Dec  5 14:20:36 kernel: [    1.263522] ehci_hcd: USB 2.0 'Enhanced' Host Controller (EHCI) Driver
Dec  5 14:20:36 kernel: [    1.263569] ehci-pci: EHCI PCI platform driver
Dec  5 14:20:36 kernel: [    1.263685] ehci-pci 0000:00:1a.0: EHCI Host Controller
Dec  5 14:20:36 kernel: [    1.263733] ehci-pci 0000:00:1a.0: new USB bus registered, assigned bus number 1
Dec  5 14:20:36 kernel: [    1.263802] ehci-pci 0000:00:1a.0: debug port 2
Dec  5 14:20:36 kernel: [    1.267760] ehci-pci 0000:00:1a.0: cache line size of 64 is not supported
Dec  5 14:20:36 kernel: [    1.267772] ehci-pci 0000:00:1a.0: irq 16, io mem 0xfe427000
Dec  5 14:20:36 kernel: [    1.277623] ehci-pci 0000:00:1a.0: USB 2.0 started, EHCI 1.00
Dec  5 14:20:36 kernel: [    1.277713] usb usb1: New USB device found, idVendor=1d6b, idProduct=0002
Dec  5 14:20:36 kernel: [    1.277758] usb usb1: New USB device strings: Mfr=3, Product=2, SerialNumber=1
Dec  5 14:20:36 kernel: [    1.277814] usb usb1: Product: EHCI Host Controller
Dec  5 14:20:36 kernel: [    1.277856] usb usb1: Manufacturer: Linux 4.4.0-31-generic ehci_hcd
Dec  5 14:20:36 kernel: [    1.277900] usb usb1: SerialNumber: 0000:00:1a.0
Dec  5 14:20:36 kernel: [    1.278059] hub 1-0:1.0: USB hub found
Dec  5 14:20:36 kernel: [    1.278104] hub 1-0:1.0: 3 ports detected
Dec  5 14:20:36 kernel: [    1.278304] ehci-pci 0000:00:1d.0: EHCI Host Controller
Dec  5 14:20:36 kernel: [    1.278350] ehci-pci 0000:00:1d.0: new USB bus registered, assigned bus number 2
Dec  5 14:20:36 kernel: [    1.278418] ehci-pci 0000:00:1d.0: debug port 2
Dec  5 14:20:36 kernel: [    1.282344] ehci-pci 0000:00:1d.0: cache line size of 64 is not supported
Dec  5 14:20:36 kernel: [    1.282354] ehci-pci 0000:00:1d.0: irq 23, io mem 0xfe426000
Dec  5 14:20:36 kernel: [    1.293626] ehci-pci 0000:00:1d.0: USB 2.0 started, EHCI 1.00
Dec  5 14:20:36 kernel: [    1.293700] usb usb2: New USB device found, idVendor=1d6b, idProduct=0002
Dec  5 14:20:36 kernel: [    1.293746] usb usb2: New USB device strings: Mfr=3, Product=2, SerialNumber=1
Dec  5 14:20:36 kernel: [    1.293801] usb usb2: Product: EHCI Host Controller
Dec  5 14:20:36 kernel: [    1.293843] usb usb2: Manufacturer: Linux 4.4.0-31-generic ehci_hcd
Dec  5 14:20:36 kernel: [    1.293887] usb usb2: SerialNumber: 0000:00:1d.0
Dec  5 14:20:36 kernel: [    1.294038] hub 2-0:1.0: USB hub found
Dec  5 14:20:36 kernel: [    1.294081] hub 2-0:1.0: 3 ports detected
Dec  5 14:20:36 kernel: [    1.294216] ehci-platform: EHCI generic platform driver
Dec  5 14:20:36 kernel: [    1.294265] ohci_hcd: USB 1.1 'Open' Host Controller (OHCI) Driver
Dec  5 14:20:36 kernel: [    1.294312] ohci-pci: OHCI PCI platform driver
Dec  5 14:20:36 kernel: [    1.294360] ohci-platform: OHCI generic platform driver
Dec  5 14:20:36 kernel: [    1.294407] uhci_hcd: USB Universal Host Controller Interface driver
Dec  5 14:20:36 kernel: [    1.294499] i8042: PNP: PS/2 Controller [PNP0303:PS2K,PNP0f03:PS2M] at 0x60,0x64 irq 1,12
Dec  5 14:20:36 kernel: [    1.297771] serio: i8042 KBD port at 0x60,0x64 irq 1
Dec  5 14:20:36 kernel: [    1.297815] serio: i8042 AUX port at 0x60,0x64 irq 12
Dec  5 14:20:36 kernel: [    1.298021] mousedev: PS/2 mouse device common for all mice
Dec  5 14:20:36 kernel: [    1.298279] rtc_cmos 00:05: RTC can wake from S4
Dec  5 14:20:36 kernel: [    1.298586] rtc_cmos 00:05: rtc core: registered rtc_cmos as rtc0
Dec  5 14:20:36 kernel: [    1.298678] rtc_cmos 00:05: alarms up to one month, y3k, 114 bytes nvram, hpet irqs
Dec  5 14:20:36 kernel: [    1.298739] i2c /dev entries driver
Dec  5 14:20:36 kernel: [    1.298816] device-mapper: uevent: version 1.0.3
Dec  5 14:20:36 kernel: [    1.298964] device-mapper: ioctl: 4.34.0-ioctl (2015-10-28) initialised: dm-devel@redhat.com
Dec  5 14:20:36 kernel: [    1.299034] Intel P-state driver initializing.
Dec  5 14:20:36 kernel: [    1.299331] ledtrig-cpu: registered to indicate activity on CPUs
Dec  5 14:20:36 kernel: [    1.300067] NET: Registered protocol family 10
Dec  5 14:20:36 kernel: [    1.300443] NET: Registered protocol family 17
Dec  5 14:20:36 kernel: [    1.300529] Key type dns_resolver registered
Dec  5 14:20:36 kernel: [    1.300914] microcode: CPU0 sig=0x206a7, pf=0x2, revision=0x14
Dec  5 14:20:36 kernel: [    1.300996] microcode: CPU1 sig=0x206a7, pf=0x2, revision=0x14
Dec  5 14:20:36 kernel: [    1.301081] microcode: CPU2 sig=0x206a7, pf=0x2, revision=0x14
Dec  5 14:20:36 kernel: [    1.301178] microcode: CPU3 sig=0x206a7, pf=0x2, revision=0x14
Dec  5 14:20:36 kernel: [    1.301345] microcode: Microcode Update Driver: v2.01 <tigran@aivazian.fsnet.co.uk>, Peter Oruba
Dec  5 14:20:36 kernel: [    1.301777] registered taskstats version 1
Dec  5 14:20:36 kernel: [    1.301860] Loading compiled-in X.509 certificates
Dec  5 14:20:36 kernel: [    1.303346] Loaded X.509 cert 'Build time autogenerated kernel key: cfb4d0870811f0d88a3f3259915bd8e83759f99c'
Dec  5 14:20:36 kernel: [    1.303448] zswap: loaded using pool lzo/zbud
Dec  5 14:20:36 kernel: [    1.305606] Key type trusted registered
Dec  5 14:20:36 kernel: [    1.308020] Key type encrypted registered
Dec  5 14:20:36 kernel: [    1.308068] AppArmor: AppArmor sha1 policy hashing enabled
Dec  5 14:20:36 kernel: [    1.353761] tpm_tis 00:07: A TPM error (7) occurred attempting to read a pcr value
Dec  5 14:20:36 kernel: [    1.353818] ima: No TPM chip found, activating TPM-bypass!
Dec  5 14:20:36 kernel: [    1.353875] evm: HMAC attrs: 0x1
Dec  5 14:20:36 kernel: [    1.354360]   Magic number: 12:168:333
Dec  5 14:20:36 kernel: [    1.354415] tty tty54: hash matches
Dec  5 14:20:36 kernel: [    1.354585] rtc_cmos 00:05: setting system clock to 2016-12-05 14:20:35 UTC (1480947635)
Dec  5 14:20:36 kernel: [    1.354810] BIOS EDD facility v0.16 2004-Jun-25, 0 devices found
Dec  5 14:20:36 kernel: [    1.354871] EDD information not available.
Dec  5 14:20:36 kernel: [    1.354968] PM: Hibernation image not present or could not be loaded.
Dec  5 14:20:36 kernel: [    1.589693] usb 1-1: new high-speed USB device number 2 using ehci-pci
Dec  5 14:20:36 kernel: [    1.600871] Freeing unused kernel memory: 1480K (ffffffff81f42000 - ffffffff820b4000)
Dec  5 14:20:36 kernel: [    1.600925] Write protecting the kernel read-only data: 14336k
Dec  5 14:20:36 kernel: [    1.601446] Freeing unused kernel memory: 1836K (ffff880001835000 - ffff880001a00000)
Dec  5 14:20:36 kernel: [    1.601887] Freeing unused kernel memory: 156K (ffff880001dd9000 - ffff880001e00000)
Dec  5 14:20:36 kernel: [    1.605697] usb 2-1: new high-speed USB device number 2 using ehci-pci
Dec  5 14:20:36 kernel: [    1.606500] random: systemd-udevd urandom read with 2 bits of entropy available
Dec  5 14:20:36 kernel: [    1.630624] pps_core: LinuxPPS API ver. 1 registered
Dec  5 14:20:36 kernel: [    1.630690] pps_core: Software ver. 5.3.6 - Copyright 2005-2007 Rodolfo Giometti <giometti@linux.it>
Dec  5 14:20:36 kernel: [    1.631817] PTP clock support registered
Dec  5 14:20:36 kernel: [    1.635274] e1000e: Intel(R) PRO/1000 Network Driver - 3.2.6-k
Dec  5 14:20:36 kernel: [    1.635972] e1000e: Copyright(c) 1999 - 2015 Intel Corporation.
Dec  5 14:20:36 kernel: [    1.636154] e1000e 0000:00:19.0: Interrupt Throttling Rate (ints/sec) set to dynamic conservative mode
Dec  5 14:20:36 kernel: [    1.642942] AVX version of gcm_enc/dec engaged.
Dec  5 14:20:36 kernel: [    1.642986] AES CTR mode by8 optimization enabled
Dec  5 14:20:36 kernel: [    1.730107] usb 1-1: New USB device found, idVendor=8087, idProduct=0024
Dec  5 14:20:36 kernel: [    1.730153] usb 1-1: New USB device strings: Mfr=0, Product=0, SerialNumber=0
Dec  5 14:20:36 kernel: [    1.730387] hub 1-1:1.0: USB hub found
Dec  5 14:20:36 kernel: [    1.730604] hub 1-1:1.0: 6 ports detected
Dec  5 14:20:36 kernel: [    1.742131] usb 2-1: New USB device found, idVendor=8087, idProduct=0024
Dec  5 14:20:36 kernel: [    1.742191] usb 2-1: New USB device strings: Mfr=0, Product=0, SerialNumber=0
Dec  5 14:20:36 kernel: [    1.742526] hub 2-1:1.0: USB hub found
Dec  5 14:20:36 kernel: [    1.742755] hub 2-1:1.0: 8 ports detected
Dec  5 14:20:36 kernel: [    1.838019] e1000e 0000:00:19.0 eth0: registered PHC clock
Dec  5 14:20:36 kernel: [    1.838070] e1000e 0000:00:19.0 eth0: (PCI Express:2.5GT/s:Width x1) 78:ac:c0:c2:8b:b5
Dec  5 14:20:36 kernel: [    1.838136] e1000e 0000:00:19.0 eth0: Intel(R) PRO/1000 Network Connection
Dec  5 14:20:36 kernel: [    1.838222] e1000e 0000:00:19.0 eth0: MAC: 10, PHY: 11, PBA No: 0100FF-0FF
Dec  5 14:20:36 kernel: [    1.838900] e1000e 0000:00:19.0 eno1: renamed from eth0
Dec  5 14:20:36 debconf-loadtemplate: Database file doesn't exist. Trying to create it
Dec  5 14:20:36 debconf-loadtemplate: Database file doesn't exist. Trying to create it
Dec  5 14:20:36 debconf-loadtemplate: Database file doesn't exist. Trying to create it
Dec  5 14:20:36 kernel: [    1.933774] tsc: Refined TSC clocksource calibration: 3092.972 MHz
Dec  5 14:20:36 kernel: [    1.933778] clocksource: tsc: mask: 0xffffffffffffffff max_cycles: 0x2c955856658, max_idle_ns: 440795256416 ns
Dec  5 14:20:36 debconf-loadtemplate: Question database /var/lib/cdebconf/passwords.dat clean; not saving
Dec  5 14:20:36 kernel: [    2.005783] usb 1-1.2: new full-speed USB device number 3 using ehci-pci
Dec  5 14:20:36 kernel: [    2.017779] usb 2-1.4: new high-speed USB device number 3 using ehci-pci
Dec  5 14:20:36 frontend: --> GET preseed/early_command
Dec  5 14:20:36 frontend: <-- 0 
Dec  5 14:20:36 frontend: Question database /var/lib/cdebconf/questions.dat clean; not saving
Dec  5 14:20:36 frontend: Question database /var/lib/cdebconf/passwords.dat clean; not saving
Dec  5 14:20:36 frontend: Template database /var/lib/cdebconf/templates.dat clean; not saving
Dec  5 14:20:36 frontend: --> SET auto-install/enable true
Dec  5 14:20:36 frontend: <-- 0 value set
Dec  5 14:20:36 frontend: --> METAGET auto-install/enable type
Dec  5 14:20:36 frontend: <-- 0 boolean
Dec  5 14:20:36 frontend: --> FSET auto-install/enable seen true
Dec  5 14:20:36 frontend: <-- 0 true
Dec  5 14:20:36 frontend: --> SET auto-install/classes minion
Dec  5 14:20:36 frontend: <-- 10 auto-install/classes doesn't exist
Dec  5 14:20:36 frontend: --> REGISTER debian-installer/dummy auto-install/classes
Dec  5 14:20:36 frontend: <-- 0
Dec  5 14:20:36 frontend: --> SET auto-install/classes minion
Dec  5 14:20:36 frontend: <-- 0 value set
Dec  5 14:20:36 frontend: --> SUBST auto-install/classes ID auto-install/classes
Dec  5 14:20:36 frontend: Adding [ID] -> [auto-install/classes]
Dec  5 14:20:36 frontend: <-- 0
Dec  5 14:20:36 frontend: --> METAGET auto-install/classes type
Dec  5 14:20:36 frontend: <-- 0 string
Dec  5 14:20:36 frontend: --> FSET auto-install/classes seen true
Dec  5 14:20:36 frontend: <-- 0 true
Dec  5 14:20:36 frontend: --> SET debian-installer/locale en_US.UTF-8
Dec  5 14:20:36 frontend: <-- 0 value set
Dec  5 14:20:36 frontend: --> METAGET debian-installer/locale type
Dec  5 14:20:36 frontend: <-- 0 select
Dec  5 14:20:36 frontend: --> FSET debian-installer/locale seen true
Dec  5 14:20:36 frontend: <-- 0 true
Dec  5 14:20:36 frontend: --> SET netcfg/choose_interface auto
Dec  5 14:20:36 frontend: <-- 0 value set
Dec  5 14:20:36 frontend: --> METAGET netcfg/choose_interface type
Dec  5 14:20:36 frontend: <-- 0 select
Dec  5 14:20:36 frontend: --> FSET netcfg/choose_interface seen true
Dec  5 14:20:36 frontend: <-- 0 true
Dec  5 14:20:36 frontend: --> SET preseed/url/ ubuntu-installer/amd64/preseed.cfg
Dec  5 14:20:36 frontend: <-- 10 preseed/url/ doesn't exist
Dec  5 14:20:36 frontend: --> REGISTER debian-installer/dummy preseed/url/
Dec  5 14:20:36 frontend: <-- 0
Dec  5 14:20:36 frontend: --> SET preseed/url/ ubuntu-installer/amd64/preseed.cfg
Dec  5 14:20:36 frontend: <-- 0 value set
Dec  5 14:20:36 frontend: --> SUBST preseed/url/ ID preseed/url/
Dec  5 14:20:36 frontend: Adding [ID] -> [preseed/url/]
Dec  5 14:20:36 frontend: <-- 0
Dec  5 14:20:36 frontend: --> METAGET preseed/url/ type
Dec  5 14:20:36 frontend: <-- 0 string
Dec  5 14:20:36 frontend: --> FSET preseed/url/ seen true
Dec  5 14:20:36 frontend: <-- 0 true
Dec  5 14:20:36 frontend: --> SET debconf/priority critical
Dec  5 14:20:36 frontend: Setting debconf/priority to critical
Dec  5 14:20:36 frontend: <-- 0 value set
Dec  5 14:20:36 frontend: --> METAGET debconf/priority type
Dec  5 14:20:36 frontend: <-- 0 select
Dec  5 14:20:36 frontend: --> FSET debconf/priority seen true
Dec  5 14:20:36 frontend: <-- 0 true
Dec  5 14:20:36 frontend: --> SET preseed/url tftp://172.28.172.67/ubuntu-installer/amd64/preseed.cfg
Dec  5 14:20:36 frontend: <-- 0 value set
Dec  5 14:20:36 frontend: --> METAGET preseed/url type
Dec  5 14:20:36 frontend: <-- 0 string
Dec  5 14:20:36 frontend: --> FSET preseed/url seen true
Dec  5 14:20:36 frontend: <-- 0 true
Dec  5 14:20:36 frontend: Question database /var/lib/cdebconf/passwords.dat clean; not saving
Dec  5 14:20:36 frontend: Template database /var/lib/cdebconf/templates.dat clean; not saving
Dec  5 14:20:36 kernel: [    2.110058] usb 1-1.2: New USB device found, idVendor=03f0, idProduct=0036
Dec  5 14:20:36 kernel: [    2.110061] usb 1-1.2: New USB device strings: Mfr=1, Product=2, SerialNumber=7
Dec  5 14:20:36 kernel: [    2.110063] usb 1-1.2: Product: HP USB CCID Smartcard Keyboard
Dec  5 14:20:36 kernel: [    2.110064] usb 1-1.2: Manufacturer: Hewlett-Packard Company
Dec  5 14:20:36 kernel: [    2.110065] usb 1-1.2: SerialNumber: 11040300000411
Dec  5 14:20:36 kernel: [    2.122730] hidraw: raw HID events driver (C) Jiri Kosina
Dec  5 14:20:36 kernel: [    2.130901] usbcore: registered new interface driver usbhid
Dec  5 14:20:36 kernel: [    2.130910] usbhid: USB HID core driver
Dec  5 14:20:36 kernel: [    2.132214] input: Hewlett-Packard Company HP USB CCID Smartcard Keyboard as /devices/pci0000:00/0000:00:1a.0/usb1/1-1/1-1.2/1-1.2:1.0/0003:03F0:0036.0001/input/input4
Dec  5 14:20:36 frontend: Adding [ID] -> [auto-install/classes]
Dec  5 14:20:36 frontend: Adding [ID] -> [preseed/url/]
Dec  5 14:20:36 frontend: --> GET debian-installer/framebuffer
Dec  5 14:20:36 frontend: <-- 0 true
Dec  5 14:20:36 frontend: Question database /var/lib/cdebconf/questions.dat clean; not saving
Dec  5 14:20:36 frontend: Question database /var/lib/cdebconf/passwords.dat clean; not saving
Dec  5 14:20:36 frontend: Template database /var/lib/cdebconf/templates.dat clean; not saving
Dec  5 14:20:36 kernel: [    2.146552] vga16fb: initializing
Dec  5 14:20:36 kernel: [    2.146554] vga16fb: mapped to 0xffff8800000a0000
Dec  5 14:20:36 kernel: [    2.190027] hid-generic 0003:03F0:0036.0001: input,hidraw0: USB HID v1.10 Keyboard [Hewlett-Packard Company HP USB CCID Smartcard Keyboard] on usb-0000:00:1a.0-1.2/input0
Dec  5 14:20:36 kernel: [    2.190938] hid-generic 0003:03F0:0036.0002: hiddev0,hidraw1: USB HID v1.10 Device [Hewlett-Packard Company HP USB CCID Smartcard Keyboard] on usb-0000:00:1a.0-1.2/input2
Dec  5 14:20:36 kernel: [    2.227653] Console: switching to colour frame buffer device 80x30
Dec  5 14:20:36 kernel: [    2.233048] fb0: VGA16 VGA frame buffer device
Dec  5 14:20:36 frontend: Adding [ID] -> [auto-install/classes]
Dec  5 14:20:36 frontend: Adding [ID] -> [preseed/url/]
Dec  5 14:20:36 frontend: --> GET auto-install/enable
Dec  5 14:20:36 frontend: <-- 0 true
Dec  5 14:20:36 frontend: --> GET preseed/url
Dec  5 14:20:36 frontend: <-- 0 tftp://172.28.172.67/ubuntu-installer/amd64/preseed.cfg
Dec  5 14:20:36 frontend: Question database /var/lib/cdebconf/questions.dat clean; not saving
Dec  5 14:20:36 frontend: Question database /var/lib/cdebconf/passwords.dat clean; not saving
Dec  5 14:20:36 frontend: Template database /var/lib/cdebconf/templates.dat clean; not saving
Dec  5 14:20:36 frontend: Adding [ID] -> [auto-install/classes]
Dec  5 14:20:36 frontend: Adding [ID] -> [preseed/url/]
Dec  5 14:20:36 frontend: --> GET oem-config/enable
Dec  5 14:20:36 frontend: <-- 0 false
Dec  5 14:20:36 frontend: Question database /var/lib/cdebconf/questions.dat clean; not saving
Dec  5 14:20:36 frontend: Question database /var/lib/cdebconf/passwords.dat clean; not saving
Dec  5 14:20:36 frontend: Template database /var/lib/cdebconf/templates.dat clean; not saving
Dec  5 14:20:36 kernel: [    2.374276] usb 2-1.4: New USB device found, idVendor=0bda, idProduct=0181
Dec  5 14:20:36 kernel: [    2.374279] usb 2-1.4: New USB device strings: Mfr=1, Product=2, SerialNumber=3
Dec  5 14:20:36 kernel: [    2.374281] usb 2-1.4: Product: USB2.0-CRW
Dec  5 14:20:36 kernel: [    2.374282] usb 2-1.4: Manufacturer: Generic
Dec  5 14:20:36 kernel: [    2.374283] usb 2-1.4: SerialNumber: 20060413092100000
Dec  5 14:20:36 kernel: [    2.382891] usb-storage 2-1.4:1.0: USB Mass Storage device detected
Dec  5 14:20:36 kernel: [    2.383344] scsi host2: usb-storage 2-1.4:1.0
Dec  5 14:20:36 kernel: [    2.383413] usbcore: registered new interface driver usb-storage
Dec  5 14:20:36 frontend: Adding [ID] -> [auto-install/classes]
Dec  5 14:20:36 frontend: Adding [ID] -> [preseed/url/]
Dec  5 14:20:36 frontend: --> GET rescue/enable
Dec  5 14:20:36 frontend: <-- 0 false
Dec  5 14:20:36 frontend: Question database /var/lib/cdebconf/questions.dat clean; not saving
Dec  5 14:20:36 frontend: Question database /var/lib/cdebconf/passwords.dat clean; not saving
Dec  5 14:20:36 frontend: Template database /var/lib/cdebconf/templates.dat clean; not saving
Dec  5 14:20:36 init: starting pid 265, tty '': '/sbin/reopen-console /sbin/debian-installer'
Dec  5 14:20:36 init: starting pid 268, tty '/dev/tty4': '/usr/bin/tail -f /var/log/syslog'
Dec  5 14:20:36 frontend: Adding [ID] -> [auto-install/classes]
Dec  5 14:20:36 frontend: Adding [ID] -> [preseed/url/]
Dec  5 14:20:36 frontend: --> GET debian-installer/framebuffer
Dec  5 14:20:36 frontend: <-- 0 true
Dec  5 14:20:36 frontend: Question database /var/lib/cdebconf/questions.dat clean; not saving
Dec  5 14:20:36 frontend: Question database /var/lib/cdebconf/passwords.dat clean; not saving
Dec  5 14:20:36 frontend: Template database /var/lib/cdebconf/templates.dat clean; not saving
Dec  5 14:20:36 frontend: Adding [ID] -> [auto-install/classes]
Dec  5 14:20:36 frontend: Adding [ID] -> [preseed/url/]
Dec  5 14:20:36 frontend: Question database /var/lib/cdebconf/questions.dat clean; not saving
Dec  5 14:20:36 frontend: Question database /var/lib/cdebconf/passwords.dat clean; not saving
Dec  5 14:20:36 frontend: Template database /var/lib/cdebconf/templates.dat clean; not saving
Dec  5 14:20:36 frontend: Adding [ID] -> [auto-install/classes]
Dec  5 14:20:36 frontend: Adding [ID] -> [preseed/url/]
Dec  5 14:20:36 frontend: --> GET debian-installer/theme
Dec  5 14:20:36 frontend: <-- 0 
Dec  5 14:20:36 frontend: Question database /var/lib/cdebconf/questions.dat clean; not saving
Dec  5 14:20:36 frontend: Question database /var/lib/cdebconf/passwords.dat clean; not saving
Dec  5 14:20:36 frontend: Template database /var/lib/cdebconf/templates.dat clean; not saving
Dec  5 14:20:36 debconf: Adding [ID] -> [auto-install/classes]
Dec  5 14:20:36 debconf: Adding [ID] -> [preseed/url/]
Dec  5 14:20:36 debconf: --> GET debconf/language
Dec  5 14:20:36 debconf: <-- 0 en
Dec  5 14:20:36 debconf: --> SET debconf/language en
Dec  5 14:20:36 debconf: Setting debconf/language to en
Dec  5 14:20:36 debconf: <-- 0 value set
Dec  5 14:20:36 debconf: --> GET debconf/priority
Dec  5 14:20:36 debconf: <-- 0 critical
Dec  5 14:20:36 debconf: --> GET oem-config/enable
Dec  5 14:20:36 debconf: <-- 0 false
Dec  5 14:20:36 debconf: --> GET rescue/enable
Dec  5 14:20:36 debconf: <-- 0 false
Dec  5 14:20:36 debconf: --> METAGET debian-installer/brltty-udeb/title Description
Dec  5 14:20:36 debconf: <-- 10 debian-installer/brltty-udeb/title doesn't exist
Dec  5 14:20:36 main-menu[299]: INFO: Falling back to the package description for brltty-udeb
Dec  5 14:20:36 debconf: --> METAGET debian-installer/ethdetect/title Description
Dec  5 14:20:36 debconf: <-- 0 Detect network hardware
Dec  5 14:20:36 debconf: --> METAGET debian-installer/netcfg/title Description
Dec  5 14:20:36 debconf: <-- 0 Configure the network
Dec  5 14:20:36 debconf: --> GET preseed/url
Dec  5 14:20:36 debconf: <-- 0 tftp://172.28.172.67/ubuntu-installer/amd64/preseed.cfg
Dec  5 14:20:36 debconf: --> METAGET debian-installer/network-preseed/title Description
Dec  5 14:20:36 debconf: <-- 0 Download debconf preconfiguration file
Dec  5 14:20:36 debconf: --> METAGET debian-installer/choose-mirror/title Description
Dec  5 14:20:36 debconf: <-- 0 Choose a mirror of the Ubuntu archive
Dec  5 14:20:36 debconf: --> METAGET debian-installer/download-installer/title Description
Dec  5 14:20:36 debconf: <-- 0 Download installer components
Dec  5 14:20:36 debconf: --> METAGET debian-installer/cdebconf-priority/title Description
Dec  5 14:20:36 debconf: <-- 0 Change debconf priority
Dec  5 14:20:36 debconf: --> METAGET debian-installer/save-logs/title Description
Dec  5 14:20:36 debconf: <-- 0 Save debug logs
Dec  5 14:20:36 debconf: --> METAGET debian-installer/di-utils-shell/title Description
Dec  5 14:20:36 debconf: <-- 0 Execute a shell
Dec  5 14:20:36 debconf: --> METAGET debian-installer/di-utils-reboot/title Description
Dec  5 14:20:36 debconf: <-- 0 Abort the installation
Dec  5 14:20:36 debconf: --> SETTITLE debian-installer/main-menu-title
Dec  5 14:20:36 debconf: <-- 0 OK
Dec  5 14:20:36 debconf: --> CAPB
Dec  5 14:20:36 debconf: <-- 0 multiselect backup progresscancel align escape plugin-detect-keyboard plugin-terminal
Dec  5 14:20:36 debconf: --> SUBST debian-installer/main-menu MENU Access software for a blind person using a braille display, Detect network hardware, Configure the network, Download debconf preconfiguration file, Choose a mirror of the Ubuntu archive, Download installer components, Change debconf priority, Save debug logs, Execute a shell, Abort the installation
Dec  5 14:20:36 debconf: Adding [MENU] -> [Access software for a blind person using a braille display, Detect network hardware, Configure the network, Download debconf preconfiguration file, Choose a mirror of the Ubuntu archive, Download installer components, Change debconf priority, Save debug logs, Execute a shell, Abort the installation]
Dec  5 14:20:36 debconf: <-- 0
Dec  5 14:20:36 debconf: --> METAGET debian-installer/brltty-udeb/title Description
Dec  5 14:20:36 debconf: <-- 10 debian-installer/brltty-udeb/title doesn't exist
Dec  5 14:20:36 main-menu[299]: INFO: Falling back to the package description for brltty-udeb
Dec  5 14:20:36 debconf: --> SET debian-installer/main-menu Access software for a blind person using a braille display
Dec  5 14:20:36 debconf: <-- 0 value set
Dec  5 14:20:36 debconf: --> INPUT medium debian-installer/main-menu
Dec  5 14:20:36 debconf: <-- 30 question skipped
Dec  5 14:20:36 debconf: --> GO
Dec  5 14:20:36 debconf: <-- 0 ok
Dec  5 14:20:36 debconf: --> GET debian-installer/main-menu
Dec  5 14:20:36 debconf: <-- 0 Access software for a blind person using a braille display
Dec  5 14:20:36 debconf: --> METAGET debian-installer/localechooser/title Description
Dec  5 14:20:36 debconf: <-- 0 Choose language
Dec  5 14:20:36 debconf: --> METAGET debian-installer/brltty-udeb/title Description
Dec  5 14:20:36 debconf: <-- 10 debian-installer/brltty-udeb/title doesn't exist
Dec  5 14:20:36 main-menu[299]: INFO: Falling back to the package description for brltty-udeb
Dec  5 14:20:36 main-menu[299]: INFO: Menu item 'brltty-udeb' selected
Dec  5 14:20:36 debconf: --> SETTITLE debian-installer/brltty-udeb/title
Dec  5 14:20:36 debconf: <-- 10 debian-installer/brltty-udeb/title does not exist
Dec  5 14:20:36 main-menu[299]: WARNING **: Unable to set title for brltty-udeb.
Dec  5 14:20:36 debconf: --> GET tasksel/desktop
Dec  5 14:20:36 debconf: <-- 10 tasksel/desktop doesn't exist
Dec  5 14:20:36 debconf: --> SET tasksel/desktop mate
Dec  5 14:20:36 debconf: <-- 10 tasksel/desktop doesn't exist
Dec  5 14:20:36 debconf: --> REGISTER debian-installer/dummy tasksel/desktop
Dec  5 14:20:36 debconf: <-- 0
Dec  5 14:20:36 debconf: --> SET tasksel/desktop mate
Dec  5 14:20:36 debconf: <-- 0 value set
Dec  5 14:20:36 debconf: --> SUBST tasksel/desktop ID tasksel/desktop
Dec  5 14:20:36 debconf: Adding [ID] -> [tasksel/desktop]
Dec  5 14:20:36 debconf: <-- 0
Dec  5 14:20:36 debconf: --> FSET tasksel/desktop seen true
Dec  5 14:20:36 debconf: <-- 0 true
Dec  5 14:20:36 debconf: --> GET debconf/priority
Dec  5 14:20:36 debconf: <-- 0 critical
Dec  5 14:20:36 debconf: --> X_SAVE
Dec  5 14:20:36 debconf: Question database /var/lib/cdebconf/passwords.dat clean; not saving
Dec  5 14:20:36 debconf: Template database /var/lib/cdebconf/templates.dat clean; not saving
Dec  5 14:20:36 debconf: <-- 0 OK
Dec  5 14:20:36 debconf: --> METAGET debian-installer/brltty-udeb/title Description
Dec  5 14:20:36 debconf: <-- 10 debian-installer/brltty-udeb/title doesn't exist
Dec  5 14:20:36 main-menu[299]: INFO: Falling back to the package description for brltty-udeb
Dec  5 14:20:36 debconf: --> METAGET debian-installer/ethdetect/title Description
Dec  5 14:20:36 debconf: <-- 0 Detect network hardware
Dec  5 14:20:36 debconf: --> METAGET debian-installer/netcfg/title Description
Dec  5 14:20:36 debconf: <-- 0 Configure the network
Dec  5 14:20:36 debconf: --> GET preseed/url
Dec  5 14:20:36 debconf: <-- 0 tftp://172.28.172.67/ubuntu-installer/amd64/preseed.cfg
Dec  5 14:20:36 debconf: --> METAGET debian-installer/network-preseed/title Description
Dec  5 14:20:36 debconf: <-- 0 Download debconf preconfiguration file
Dec  5 14:20:36 debconf: --> METAGET debian-installer/choose-mirror/title Description
Dec  5 14:20:36 debconf: <-- 0 Choose a mirror of the Ubuntu archive
Dec  5 14:20:36 debconf: --> METAGET debian-installer/download-installer/title Description
Dec  5 14:20:36 debconf: <-- 0 Download installer components
Dec  5 14:20:36 debconf: --> METAGET debian-installer/cdebconf-priority/title Description
Dec  5 14:20:36 debconf: <-- 0 Change debconf priority
Dec  5 14:20:36 debconf: --> METAGET debian-installer/save-logs/title Description
Dec  5 14:20:36 debconf: <-- 0 Save debug logs
Dec  5 14:20:36 debconf: --> METAGET debian-installer/di-utils-shell/title Description
Dec  5 14:20:36 debconf: <-- 0 Execute a shell
Dec  5 14:20:36 debconf: --> METAGET debian-installer/di-utils-reboot/title Description
Dec  5 14:20:36 debconf: <-- 0 Abort the installation
Dec  5 14:20:36 debconf: --> SETTITLE debian-installer/main-menu-title
Dec  5 14:20:36 debconf: <-- 0 OK
Dec  5 14:20:36 debconf: --> CAPB
Dec  5 14:20:36 debconf: <-- 0 multiselect backup progresscancel align escape plugin-detect-keyboard plugin-terminal
Dec  5 14:20:36 debconf: --> SUBST debian-installer/main-menu MENU Access software for a blind person using a braille display, Detect network hardware, Configure the network, Download debconf preconfiguration file, Choose a mirror of the Ubuntu archive, Download installer components, Change debconf priority, Save debug logs, Execute a shell, Abort the installation
Dec  5 14:20:36 debconf: Adding [MENU] -> [Access software for a blind person using a braille display, Detect network hardware, Configure the network, Download debconf preconfiguration file, Choose a mirror of the Ubuntu archive, Download installer components, Change debconf priority, Save debug logs, Execute a shell, Abort the installation]
Dec  5 14:20:36 debconf: <-- 0
Dec  5 14:20:36 debconf: --> METAGET debian-installer/ethdetect/title Description
Dec  5 14:20:36 debconf: <-- 0 Detect network hardware
Dec  5 14:20:36 debconf: --> SET debian-installer/main-menu Detect network hardware
Dec  5 14:20:36 debconf: <-- 0 value set
Dec  5 14:20:36 debconf: --> INPUT medium debian-installer/main-menu
Dec  5 14:20:36 debconf: <-- 30 question skipped
Dec  5 14:20:36 debconf: --> GO
Dec  5 14:20:36 debconf: <-- 0 ok
Dec  5 14:20:36 debconf: --> GET debian-installer/main-menu
Dec  5 14:20:36 debconf: <-- 0 Detect network hardware
Dec  5 14:20:36 debconf: --> METAGET debian-installer/localechooser/title Description
Dec  5 14:20:36 debconf: <-- 0 Choose language
Dec  5 14:20:36 debconf: --> METAGET debian-installer/brltty-udeb/title Description
Dec  5 14:20:36 debconf: <-- 10 debian-installer/brltty-udeb/title doesn't exist
Dec  5 14:20:36 main-menu[299]: INFO: Falling back to the package description for brltty-udeb
Dec  5 14:20:36 debconf: --> METAGET debian-installer/console-setup-udeb/title Description
Dec  5 14:20:36 debconf: <-- 0 Configure the keyboard
Dec  5 14:20:36 debconf: --> METAGET debian-installer/ethdetect/title Description
Dec  5 14:20:36 debconf: <-- 0 Detect network hardware
Dec  5 14:20:36 main-menu[299]: INFO: Menu item 'ethdetect' selected
Dec  5 14:20:36 debconf: --> SETTITLE debian-installer/ethdetect/title
Dec  5 14:20:36 debconf: <-- 0 OK
Dec  5 14:20:36 debconf: --> GET hw-detect/load-ide
Dec  5 14:20:36 debconf: <-- 0 false
Dec  5 14:20:36 debconf: --> PROGRESS START 0 1000 ethdetect/detect_progress_title
Dec  5 14:20:36 debconf: <-- 0 OK
Dec  5 14:20:36 debconf: --> PROGRESS INFO hw-detect/detect_progress_step
Dec  5 14:20:36 debconf: <-- 0 OK
Dec  5 14:20:36 net/hw-detect.hotplug: Detected hotpluggable network interface eno1
Dec  5 14:20:36 net/hw-detect.hotplug: Detected hotpluggable network interface lo
Dec  5 14:20:37 debconf: --> PROGRESS STEP 25
Dec  5 14:20:37 debconf: <-- 0 OK
Dec  5 14:20:37 debconf: --> PROGRESS STEP 25
Dec  5 14:20:37 debconf: <-- 0 OK
Dec  5 14:20:37 debconf: --> PROGRESS STEP 900
Dec  5 14:20:37 debconf: <-- 0 OK
Dec  5 14:20:37 apt-install: Queueing package udev for later installation
Dec  5 14:20:37 apt-install: Queueing package pciutils for later installation
Dec  5 14:20:37 apt-install: Queueing package usbutils for later installation
Dec  5 14:20:37 kernel: [    2.938069] clocksource: Switched to clocksource tsc
Dec  5 14:20:37 debconf: --> PROGRESS SET 1000
Dec  5 14:20:37 debconf: <-- 0 OK
Dec  5 14:20:37 debconf: --> PROGRESS STOP
Dec  5 14:20:37 debconf: <-- 0 OK
Dec  5 14:20:37 kernel: [    3.385817] scsi 2:0:0:0: Direct-Access     Generic- Compact Flash    1.00 PQ: 0 ANSI: 0 CCS
Dec  5 14:20:37 kernel: [    3.388905] scsi 2:0:0:1: Direct-Access     Generic- SM/xD-Picture    1.00 PQ: 0 ANSI: 0 CCS
Dec  5 14:20:37 kernel: [    3.392059] scsi 2:0:0:2: Direct-Access     Generic- SD/MMC           1.00 PQ: 0 ANSI: 0 CCS
Dec  5 14:20:37 kernel: [    3.395188] scsi 2:0:0:3: Direct-Access     Generic- MS/MS-Pro/HG     1.00 PQ: 0 ANSI: 0 CCS
Dec  5 14:20:37 kernel: [    3.398316] scsi 2:0:0:4: Direct-Access     Generic- SD/MMC/MS/MSPRO  1.00 PQ: 0 ANSI: 0 CCS
Dec  5 14:20:37 kernel: [    3.398725] sd 2:0:0:0: Attached scsi generic sg0 type 0
Dec  5 14:20:37 kernel: [    3.398934] sd 2:0:0:1: Attached scsi generic sg1 type 0
Dec  5 14:20:37 kernel: [    3.399104] sd 2:0:0:2: Attached scsi generic sg2 type 0
Dec  5 14:20:37 kernel: [    3.399200] sd 2:0:0:3: Attached scsi generic sg3 type 0
Dec  5 14:20:37 kernel: [    3.399287] sd 2:0:0:4: Attached scsi generic sg4 type 0
Dec  5 14:20:37 kernel: [    3.444216] sd 2:0:0:2: [sdc] Attached SCSI removable disk
Dec  5 14:20:37 kernel: [    3.449190] sd 2:0:0:4: [sde] Attached SCSI removable disk
Dec  5 14:20:37 kernel: [    3.527496] sd 2:0:0:0: [sda] Attached SCSI removable disk
Dec  5 14:20:37 kernel: [    3.540047] sd 2:0:0:1: [sdb] Attached SCSI removable disk
Dec  5 14:20:37 kernel: [    3.545203] sd 2:0:0:3: [sdd] Attached SCSI removable disk
Dec  5 14:20:38 check-missing-firmware: looking at dmesg for the first time
Dec  5 14:20:38 check-missing-firmware: saving timestamp for a later use: [    3.545203]
Dec  5 14:20:38 check-missing-firmware: /dev/.udev/firmware-missing does not exist, skipping
Dec  5 14:20:38 check-missing-firmware: /run/udev/firmware-missing does not exist, skipping
Dec  5 14:20:38 check-missing-firmware: no missing firmware in loaded kernel modules
Dec  5 14:20:38 debconf: --> GET ethdetect/prompt_missing_firmware
Dec  5 14:20:38 debconf: <-- 0 true
Dec  5 14:20:38 check-missing-firmware: taking network interface eno1 up/down
Dec  5 14:20:38 kernel: [    4.338555] IPv6: ADDRCONF(NETDEV_UP): eno1: link is not ready
Dec  5 14:20:38 kernel: [    4.462682] e1000e: eno1 NIC Link is Down
Dec  5 14:20:39 check-missing-firmware: looking at dmesg again, restarting from \[    3.545203\]
Dec  5 14:20:39 check-missing-firmware: timestamp found, truncating dmesg accordingly
Dec  5 14:20:39 check-missing-firmware: saving timestamp for a later use: [    4.462682]
Dec  5 14:20:39 check-missing-firmware: /dev/.udev/firmware-missing does not exist, skipping
Dec  5 14:20:39 check-missing-firmware: /run/udev/firmware-missing does not exist, skipping
Dec  5 14:20:39 check-missing-firmware: no missing firmware in loaded kernel modules
Dec  5 14:20:39 debconf: --> GET debconf/priority
Dec  5 14:20:39 debconf: <-- 0 critical
Dec  5 14:20:39 debconf: --> X_SAVE
Dec  5 14:20:39 debconf: Question database /var/lib/cdebconf/passwords.dat clean; not saving
Dec  5 14:20:39 debconf: Template database /var/lib/cdebconf/templates.dat clean; not saving
Dec  5 14:20:39 debconf: <-- 0 OK
Dec  5 14:20:39 debconf: --> METAGET debian-installer/brltty-udeb/title Description
Dec  5 14:20:39 debconf: <-- 10 debian-installer/brltty-udeb/title doesn't exist
Dec  5 14:20:39 main-menu[299]: INFO: Falling back to the package description for brltty-udeb
Dec  5 14:20:39 debconf: --> METAGET debian-installer/ethdetect/title Description
Dec  5 14:20:39 debconf: <-- 0 Detect network hardware
Dec  5 14:20:39 debconf: --> METAGET debian-installer/netcfg/title Description
Dec  5 14:20:39 debconf: <-- 0 Configure the network
Dec  5 14:20:39 debconf: --> GET preseed/url
Dec  5 14:20:39 debconf: <-- 0 tftp://172.28.172.67/ubuntu-installer/amd64/preseed.cfg
Dec  5 14:20:39 debconf: --> METAGET debian-installer/network-preseed/title Description
Dec  5 14:20:39 debconf: <-- 0 Download debconf preconfiguration file
Dec  5 14:20:39 debconf: --> METAGET debian-installer/choose-mirror/title Description
Dec  5 14:20:39 debconf: <-- 0 Choose a mirror of the Ubuntu archive
Dec  5 14:20:39 debconf: --> METAGET debian-installer/download-installer/title Description
Dec  5 14:20:39 debconf: <-- 0 Download installer components
Dec  5 14:20:39 debconf: --> METAGET debian-installer/cdebconf-priority/title Description
Dec  5 14:20:39 debconf: <-- 0 Change debconf priority
Dec  5 14:20:39 debconf: --> METAGET debian-installer/save-logs/title Description
Dec  5 14:20:39 debconf: <-- 0 Save debug logs
Dec  5 14:20:39 debconf: --> METAGET debian-installer/di-utils-shell/title Description
Dec  5 14:20:39 debconf: <-- 0 Execute a shell
Dec  5 14:20:39 debconf: --> METAGET debian-installer/di-utils-reboot/title Description
Dec  5 14:20:39 debconf: <-- 0 Abort the installation
Dec  5 14:20:39 debconf: --> SETTITLE debian-installer/main-menu-title
Dec  5 14:20:39 debconf: <-- 0 OK
Dec  5 14:20:39 debconf: --> CAPB
Dec  5 14:20:39 debconf: <-- 0 multiselect backup progresscancel align escape plugin-detect-keyboard plugin-terminal
Dec  5 14:20:39 debconf: --> SUBST debian-installer/main-menu MENU Access software for a blind person using a braille display, Detect network hardware, Configure the network, Download debconf preconfiguration file, Choose a mirror of the Ubuntu archive, Download installer components, Change debconf priority, Save debug logs, Execute a shell, Abort the installation
Dec  5 14:20:39 debconf: Adding [MENU] -> [Access software for a blind person using a braille display, Detect network hardware, Configure the network, Download debconf preconfiguration file, Choose a mirror of the Ubuntu archive, Download installer components, Change debconf priority, Save debug logs, Execute a shell, Abort the installation]
Dec  5 14:20:39 debconf: <-- 0
Dec  5 14:20:39 debconf: --> METAGET debian-installer/netcfg/title Description
Dec  5 14:20:39 debconf: <-- 0 Configure the network
Dec  5 14:20:39 debconf: --> SET debian-installer/main-menu Configure the network
Dec  5 14:20:39 debconf: <-- 0 value set
Dec  5 14:20:39 debconf: --> INPUT medium debian-installer/main-menu
Dec  5 14:20:39 debconf: <-- 30 question skipped
Dec  5 14:20:39 debconf: --> GO
Dec  5 14:20:39 debconf: <-- 0 ok
Dec  5 14:20:39 debconf: --> GET debian-installer/main-menu
Dec  5 14:20:39 debconf: <-- 0 Configure the network
Dec  5 14:20:39 debconf: --> METAGET debian-installer/localechooser/title Description
Dec  5 14:20:39 debconf: <-- 0 Choose language
Dec  5 14:20:39 debconf: --> METAGET debian-installer/brltty-udeb/title Description
Dec  5 14:20:39 debconf: <-- 10 debian-installer/brltty-udeb/title doesn't exist
Dec  5 14:20:39 main-menu[299]: INFO: Falling back to the package description for brltty-udeb
Dec  5 14:20:39 debconf: --> METAGET debian-installer/console-setup-udeb/title Description
Dec  5 14:20:39 debconf: <-- 0 Configure the keyboard
Dec  5 14:20:39 debconf: --> METAGET debian-installer/ethdetect/title Description
Dec  5 14:20:39 debconf: <-- 0 Detect network hardware
Dec  5 14:20:39 debconf: --> METAGET debian-installer/netcfg/title Description
Dec  5 14:20:39 debconf: <-- 0 Configure the network
Dec  5 14:20:39 main-menu[299]: INFO: Menu item 'netcfg' selected
Dec  5 14:20:39 debconf: --> METAGET debian-installer/crypto-modules-4.4.0-31-generic-di/title Description
Dec  5 14:20:39 debconf: <-- 10 debian-installer/crypto-modules-4.4.0-31-generic-di/title doesn't exist
Dec  5 14:20:39 main-menu[299]: INFO: Falling back to the package description for crypto-modules-4.4.0-31-generic-di
Dec  5 14:20:39 debconf: --> METAGET debian-installer/crypto-modules-4.4.0-31-generic-di/title Description
Dec  5 14:20:39 debconf: <-- 10 debian-installer/crypto-modules-4.4.0-31-generic-di/title doesn't exist
Dec  5 14:20:39 main-menu[299]: INFO: Falling back to the package description for crypto-modules-4.4.0-31-generic-di
Dec  5 14:20:39 debconf: --> SETTITLE debian-installer/netcfg/title
Dec  5 14:20:39 debconf: <-- 0 OK
Dec  5 14:20:39 netcfg[1106]: INFO: Starting netcfg v.1.135ubuntu4.1
Dec  5 14:20:39 debconf: --> CAPB backup
Dec  5 14:20:39 debconf: <-- 0 multiselect backup progresscancel align escape plugin-detect-keyboard plugin-terminal
Dec  5 14:20:39 debconf: --> GET netcfg/enable
Dec  5 14:20:39 debconf: <-- 0 true
Dec  5 14:20:39 debconf: --> GET netcfg/disable_autoconfig
Dec  5 14:20:39 debconf: <-- 0 false
Dec  5 14:20:39 debconf: --> SET netcfg/use_autoconfig true
Dec  5 14:20:39 debconf: <-- 0 value set
Dec  5 14:20:39 debconf: --> FGET netcfg/disable_autoconfig seen
Dec  5 14:20:39 debconf: <-- 0 false
Dec  5 14:20:39 debconf: --> GET netcfg/disable_dhcp
Dec  5 14:20:39 debconf: <-- 0 false
Dec  5 14:20:39 netcfg[1106]: WARNING **: Couldn't read Wpasupplicant pid file, not trying to kill.
Dec  5 14:20:39 netcfg[1106]: DEBUG: Flushing addresses and routes on interface: eno1
Dec  5 14:20:39 debconf: --> GET netcfg/choose_interface
Dec  5 14:20:39 debconf: <-- 0 auto
Dec  5 14:20:39 netcfg[1106]: INFO: Could not find valid BOOTIF= entry in /proc/cmdline
Dec  5 14:20:39 netcfg[1106]: INFO: Taking down interface eno1
Dec  5 14:20:39 debconf: --> METAGET netcfg/internal-wireless description
Dec  5 14:20:39 debconf: <-- 0 wireless
Dec  5 14:20:39 debconf: --> GET netcfg/vlan_id
Dec  5 14:20:39 debconf: <-- 0 
Dec  5 14:20:39 debconf: --> INPUT medium netcfg/use_vlan
Dec  5 14:20:39 debconf: <-- 30 question skipped
Dec  5 14:20:39 debconf: --> GO
Dec  5 14:20:39 debconf: <-- 0 ok
Dec  5 14:20:39 debconf: --> GET netcfg/use_vlan
Dec  5 14:20:39 debconf: <-- 0 false
Dec  5 14:20:39 debconf: --> INPUT medium netcfg/use_autoconfig
Dec  5 14:20:39 debconf: <-- 30 question skipped
Dec  5 14:20:39 debconf: --> GO
Dec  5 14:20:39 debconf: <-- 0 ok
Dec  5 14:20:39 debconf: --> GET netcfg/use_autoconfig
Dec  5 14:20:39 debconf: <-- 0 true
Dec  5 14:20:39 netcfg[1106]: INFO: Taking down interface lo
Dec  5 14:20:39 netcfg[1106]: INFO: Activating interface eno1
Dec  5 14:20:39 netcfg[1106]: DEBUG: State is now 0
Dec  5 14:20:39 netcfg[1106]: DEBUG: Want link on eno1
Dec  5 14:20:39 debconf: --> CAPB
Dec  5 14:20:39 debconf: <-- 0 multiselect backup progresscancel align escape plugin-detect-keyboard plugin-terminal
Dec  5 14:20:39 debconf: --> INPUT low netcfg/link_wait_timeout
Dec  5 14:20:39 debconf: <-- 30 question skipped
Dec  5 14:20:39 debconf: --> GO
Dec  5 14:20:39 debconf: <-- 0 ok
Dec  5 14:20:39 debconf: --> GET netcfg/link_wait_timeout
Dec  5 14:20:39 debconf: <-- 0 3
Dec  5 14:20:39 netcfg[1106]: INFO: Waiting time set to 3
Dec  5 14:20:39 debconf: --> CAPB progresscancel
Dec  5 14:20:39 debconf: <-- 0 multiselect backup progresscancel align escape plugin-detect-keyboard plugin-terminal
Dec  5 14:20:39 debconf: --> SUBST netcfg/link_detect_progress interface eno1
Dec  5 14:20:39 debconf: Adding [interface] -> [eno1]
Dec  5 14:20:39 debconf: <-- 0
Dec  5 14:20:39 debconf: --> PROGRESS START 0 12 netcfg/link_detect_progress
Dec  5 14:20:39 debconf: <-- 0 OK
Dec  5 14:20:39 kernel: [    5.754834] IPv6: ADDRCONF(NETDEV_UP): eno1: link is not ready
Dec  5 14:20:40 debconf: --> PROGRESS SET 0
Dec  5 14:20:40 debconf: <-- 0 OK
Dec  5 14:20:40 netcfg[1106]: INFO: ethtool-lite: eno1: carrier down
Dec  5 14:20:40 debconf: --> PROGRESS SET 1
Dec  5 14:20:40 debconf: <-- 0 OK
Dec  5 14:20:40 netcfg[1106]: INFO: ethtool-lite: eno1: carrier down
Dec  5 14:20:40 debconf: --> PROGRESS SET 2
Dec  5 14:20:40 debconf: <-- 0 OK
Dec  5 14:20:40 netcfg[1106]: INFO: ethtool-lite: eno1: carrier down
Dec  5 14:20:40 debconf: --> PROGRESS SET 3
Dec  5 14:20:40 debconf: <-- 0 OK
Dec  5 14:20:40 netcfg[1106]: INFO: ethtool-lite: eno1: carrier down
Dec  5 14:20:41 debconf: --> PROGRESS SET 4
Dec  5 14:20:41 debconf: <-- 0 OK
Dec  5 14:20:41 netcfg[1106]: INFO: ethtool-lite: eno1: carrier down
Dec  5 14:20:41 debconf: --> PROGRESS SET 5
Dec  5 14:20:41 debconf: <-- 0 OK
Dec  5 14:20:41 netcfg[1106]: INFO: ethtool-lite: eno1: carrier down
Dec  5 14:20:41 debconf: --> PROGRESS SET 6
Dec  5 14:20:41 debconf: <-- 0 OK
Dec  5 14:20:41 netcfg[1106]: INFO: ethtool-lite: eno1: carrier down
Dec  5 14:20:41 debconf: --> PROGRESS SET 7
Dec  5 14:20:41 debconf: <-- 0 OK
Dec  5 14:20:41 netcfg[1106]: INFO: ethtool-lite: eno1: carrier down
Dec  5 14:20:42 debconf: --> PROGRESS SET 8
Dec  5 14:20:42 debconf: <-- 0 OK
Dec  5 14:20:42 netcfg[1106]: INFO: ethtool-lite: eno1: carrier down
Dec  5 14:20:42 debconf: --> PROGRESS SET 9
Dec  5 14:20:42 debconf: <-- 0 OK
Dec  5 14:20:42 netcfg[1106]: INFO: ethtool-lite: eno1: carrier down
Dec  5 14:20:42 debconf: --> PROGRESS SET 10
Dec  5 14:20:42 debconf: <-- 0 OK
Dec  5 14:20:42 netcfg[1106]: INFO: ethtool-lite: eno1: carrier down
Dec  5 14:20:42 debconf: --> PROGRESS SET 11
Dec  5 14:20:42 debconf: <-- 0 OK
Dec  5 14:20:42 netcfg[1106]: INFO: ethtool-lite: eno1: carrier down
Dec  5 14:20:42 netcfg[1106]: INFO: Reached timeout for link detection on eno1
Dec  5 14:20:42 debconf: --> PROGRESS STOP
Dec  5 14:20:42 debconf: <-- 0 OK
Dec  5 14:20:42 debconf: --> CAPB backup
Dec  5 14:20:42 debconf: <-- 0 multiselect backup progresscancel align escape plugin-detect-keyboard plugin-terminal
Dec  5 14:20:42 netcfg[1106]: DEBUG: Commencing network autoconfiguration on eno1
Dec  5 14:20:42 netcfg[1106]: DEBUG: rdnssd started; PID: 1129
Dec  5 14:20:42 debconf: --> CAPB progresscancel
Dec  5 14:20:42 debconf: <-- 0 multiselect backup progresscancel align escape plugin-detect-keyboard plugin-terminal
Dec  5 14:20:42 debconf: --> PROGRESS START 0 12 netcfg/ipv6_link_local_wait_title
Dec  5 14:20:42 debconf: <-- 0 OK
Dec  5 14:20:43 debconf: --> PROGRESS STEP 1
Dec  5 14:20:43 debconf: <-- 0 OK
Dec  5 14:20:43 netcfg[1106]: DEBUG: nc_v6_interface_configured(eno1, scope local)
Dec  5 14:20:43 netcfg[1106]: DEBUG: Running ip addr show eno1 to look for address
Dec  5 14:20:43 netcfg[1106]: DEBUG: ip line: 2: eno1: <NO-CARRIER,BROADCAST,MULTICAST,UP> mtu 1500 qdisc pfifo_fast qlen 1000
Dec  5 14:20:43 netcfg[1106]: DEBUG: ip line:     link/ether 78:ac:c0:c2:8b:b5 brd ff:ff:ff:ff:ff:ff
Dec  5 14:20:43 kernel: [    9.221350] e1000e: eno1 NIC Link is Up 1000 Mbps Full Duplex, Flow Control: None
Dec  5 14:20:43 kernel: [    9.221386] IPv6: ADDRCONF(NETDEV_CHANGE): eno1: link becomes ready
Dec  5 14:20:43 debconf: --> PROGRESS STEP 1
Dec  5 14:20:43 debconf: <-- 0 OK
Dec  5 14:20:43 netcfg[1106]: DEBUG: nc_v6_interface_configured(eno1, scope local)
Dec  5 14:20:43 netcfg[1106]: DEBUG: Running ip addr show eno1 to look for address
Dec  5 14:20:43 netcfg[1106]: DEBUG: ip line: 2: eno1: <BROADCAST,MULTICAST,UP,LOWER_UP> mtu 1500 qdisc pfifo_fast qlen 1000
Dec  5 14:20:43 netcfg[1106]: DEBUG: ip line:     link/ether 78:ac:c0:c2:8b:b5 brd ff:ff:ff:ff:ff:ff
Dec  5 14:20:43 netcfg[1106]: DEBUG: ip line:     inet6 fe80::7aac:c0ff:fec2:8bb5/64 scope link tentative 
Dec  5 14:20:43 netcfg[1106]: DEBUG: ip line:        valid_lft forever preferred_lft forever
Dec  5 14:20:43 debconf: --> PROGRESS STEP 1
Dec  5 14:20:43 debconf: <-- 0 OK
Dec  5 14:20:43 netcfg[1106]: DEBUG: nc_v6_interface_configured(eno1, scope local)
Dec  5 14:20:43 netcfg[1106]: DEBUG: Running ip addr show eno1 to look for address
Dec  5 14:20:43 netcfg[1106]: DEBUG: ip line: 2: eno1: <BROADCAST,MULTICAST,UP,LOWER_UP> mtu 1500 qdisc pfifo_fast qlen 1000
Dec  5 14:20:43 netcfg[1106]: DEBUG: ip line:     link/ether 78:ac:c0:c2:8b:b5 brd ff:ff:ff:ff:ff:ff
Dec  5 14:20:43 netcfg[1106]: DEBUG: ip line:     inet6 fe80::7aac:c0ff:fec2:8bb5/64 scope link tentative 
Dec  5 14:20:43 netcfg[1106]: DEBUG: ip line:        valid_lft forever preferred_lft forever
Dec  5 14:20:43 debconf: --> PROGRESS STEP 1
Dec  5 14:20:43 debconf: <-- 0 OK
Dec  5 14:20:43 netcfg[1106]: DEBUG: nc_v6_interface_configured(eno1, scope local)
Dec  5 14:20:43 netcfg[1106]: DEBUG: Running ip addr show eno1 to look for address
Dec  5 14:20:43 netcfg[1106]: DEBUG: ip line: 2: eno1: <BROADCAST,MULTICAST,UP,LOWER_UP> mtu 1500 qdisc pfifo_fast qlen 1000
Dec  5 14:20:43 netcfg[1106]: DEBUG: ip line:     link/ether 78:ac:c0:c2:8b:b5 brd ff:ff:ff:ff:ff:ff
Dec  5 14:20:43 netcfg[1106]: DEBUG: ip line:     inet6 fe80::7aac:c0ff:fec2:8bb5/64 scope link tentative 
Dec  5 14:20:43 netcfg[1106]: DEBUG: ip line:        valid_lft forever preferred_lft forever
Dec  5 14:20:44 debconf: --> PROGRESS STEP 1
Dec  5 14:20:44 debconf: <-- 0 OK
Dec  5 14:20:44 netcfg[1106]: DEBUG: nc_v6_interface_configured(eno1, scope local)
Dec  5 14:20:44 netcfg[1106]: DEBUG: Running ip addr show eno1 to look for address
Dec  5 14:20:44 netcfg[1106]: DEBUG: ip line: 2: eno1: <BROADCAST,MULTICAST,UP,LOWER_UP> mtu 1500 qdisc pfifo_fast qlen 1000
Dec  5 14:20:44 netcfg[1106]: DEBUG: ip line:     link/ether 78:ac:c0:c2:8b:b5 brd ff:ff:ff:ff:ff:ff
Dec  5 14:20:44 netcfg[1106]: DEBUG: ip line:     inet6 fe80::7aac:c0ff:fec2:8bb5/64 scope link tentative 
Dec  5 14:20:44 netcfg[1106]: DEBUG: ip line:        valid_lft forever preferred_lft forever
Dec  5 14:20:44 debconf: --> PROGRESS STEP 1
Dec  5 14:20:44 debconf: <-- 0 OK
Dec  5 14:20:44 netcfg[1106]: DEBUG: nc_v6_interface_configured(eno1, scope local)
Dec  5 14:20:44 netcfg[1106]: DEBUG: Running ip addr show eno1 to look for address
Dec  5 14:20:44 netcfg[1106]: DEBUG: ip line: 2: eno1: <BROADCAST,MULTICAST,UP,LOWER_UP> mtu 1500 qdisc pfifo_fast qlen 1000
Dec  5 14:20:44 netcfg[1106]: DEBUG: ip line:     link/ether 78:ac:c0:c2:8b:b5 brd ff:ff:ff:ff:ff:ff
Dec  5 14:20:44 netcfg[1106]: DEBUG: ip line:     inet6 fe80::7aac:c0ff:fec2:8bb5/64 scope link tentative 
Dec  5 14:20:44 netcfg[1106]: DEBUG: ip line:        valid_lft forever preferred_lft forever
Dec  5 14:20:44 debconf: --> PROGRESS STEP 1
Dec  5 14:20:44 debconf: <-- 0 OK
Dec  5 14:20:44 netcfg[1106]: DEBUG: nc_v6_interface_configured(eno1, scope local)
Dec  5 14:20:44 netcfg[1106]: DEBUG: Running ip addr show eno1 to look for address
Dec  5 14:20:44 netcfg[1106]: DEBUG: ip line: 2: eno1: <BROADCAST,MULTICAST,UP,LOWER_UP> mtu 1500 qdisc pfifo_fast qlen 1000
Dec  5 14:20:44 netcfg[1106]: DEBUG: ip line:     link/ether 78:ac:c0:c2:8b:b5 brd ff:ff:ff:ff:ff:ff
Dec  5 14:20:44 netcfg[1106]: DEBUG: ip line:     inet6 fe80::7aac:c0ff:fec2:8bb5/64 scope link tentative 
Dec  5 14:20:44 netcfg[1106]: DEBUG: ip line:        valid_lft forever preferred_lft forever
Dec  5 14:20:44 debconf: --> PROGRESS STEP 1
Dec  5 14:20:44 debconf: <-- 0 OK
Dec  5 14:20:44 netcfg[1106]: DEBUG: nc_v6_interface_configured(eno1, scope local)
Dec  5 14:20:44 netcfg[1106]: DEBUG: Running ip addr show eno1 to look for address
Dec  5 14:20:44 netcfg[1106]: DEBUG: ip line: 2: eno1: <BROADCAST,MULTICAST,UP,LOWER_UP> mtu 1500 qdisc pfifo_fast qlen 1000
Dec  5 14:20:44 netcfg[1106]: DEBUG: ip line:     link/ether 78:ac:c0:c2:8b:b5 brd ff:ff:ff:ff:ff:ff
Dec  5 14:20:44 netcfg[1106]: DEBUG: ip line:     inet6 fe80::7aac:c0ff:fec2:8bb5/64 scope link 
Dec  5 14:20:44 netcfg[1106]: DEBUG: Configured address found
Dec  5 14:20:44 netcfg[1106]: DEBUG: ip line:        valid_lft forever preferred_lft forever
Dec  5 14:20:44 debconf: --> PROGRESS SET 12
Dec  5 14:20:44 debconf: <-- 0 OK
Dec  5 14:20:44 debconf: --> PROGRESS STOP
Dec  5 14:20:44 debconf: <-- 0 OK
Dec  5 14:20:44 netcfg[1106]: DEBUG: Running rdisc6 -1 -r 1 -w 500 -n eno1 to get IPv6 config flags
Dec  5 14:20:44 debconf: --> CAPB progresscancel
Dec  5 14:20:44 debconf: <-- 0 multiselect backup progresscancel align escape plugin-detect-keyboard plugin-terminal
Dec  5 14:20:44 debconf: --> PROGRESS START 0 12 netcfg/ipv6_config_flags_wait_title
Dec  5 14:20:44 debconf: <-- 0 OK
Dec  5 14:20:45 netcfg[1106]: DEBUG: rdisc6 line: Soliciting ff02::2 (ff02::2) on eno1...
Dec  5 14:20:45 netcfg[1106]: DEBUG: rdisc6 line: Timed out.
Dec  5 14:20:45 netcfg[1106]: DEBUG: rdisc6 line: No response.
Dec  5 14:20:45 netcfg[1106]: DEBUG: rdisc6 parsing finished
Dec  5 14:20:45 debconf: --> PROGRESS STEP 1
Dec  5 14:20:45 debconf: <-- 0 OK
Dec  5 14:20:45 netcfg[1106]: DEBUG: rdisc6 line: Soliciting ff02::2 (ff02::2) on eno1...
Dec  5 14:20:45 netcfg[1106]: DEBUG: rdisc6 line: Timed out.
Dec  5 14:20:45 netcfg[1106]: DEBUG: rdisc6 line: No response.
Dec  5 14:20:45 netcfg[1106]: DEBUG: rdisc6 parsing finished
Dec  5 14:20:45 debconf: --> PROGRESS STEP 1
Dec  5 14:20:45 debconf: <-- 0 OK
Dec  5 14:20:46 netcfg[1106]: DEBUG: rdisc6 line: Soliciting ff02::2 (ff02::2) on eno1...
Dec  5 14:20:46 netcfg[1106]: DEBUG: rdisc6 line: Timed out.
Dec  5 14:20:46 netcfg[1106]: DEBUG: rdisc6 line: No response.
Dec  5 14:20:46 netcfg[1106]: DEBUG: rdisc6 parsing finished
Dec  5 14:20:46 debconf: --> PROGRESS STEP 1
Dec  5 14:20:46 debconf: <-- 0 OK
Dec  5 14:20:46 netcfg[1106]: DEBUG: rdisc6 line: Soliciting ff02::2 (ff02::2) on eno1...
Dec  5 14:20:46 netcfg[1106]: DEBUG: rdisc6 line: Timed out.
Dec  5 14:20:46 netcfg[1106]: DEBUG: rdisc6 line: No response.
Dec  5 14:20:46 netcfg[1106]: DEBUG: rdisc6 parsing finished
Dec  5 14:20:46 debconf: --> PROGRESS STEP 1
Dec  5 14:20:46 debconf: <-- 0 OK
Dec  5 14:20:47 netcfg[1106]: DEBUG: rdisc6 line: Soliciting ff02::2 (ff02::2) on eno1...
Dec  5 14:20:47 netcfg[1106]: DEBUG: rdisc6 line: Timed out.
Dec  5 14:20:47 netcfg[1106]: DEBUG: rdisc6 line: No response.
Dec  5 14:20:47 netcfg[1106]: DEBUG: rdisc6 parsing finished
Dec  5 14:20:47 debconf: --> PROGRESS STEP 1
Dec  5 14:20:47 debconf: <-- 0 OK
